Archive member included to satisfy reference by file (symbol)

C:\Users\caspe\OneDrive\Desktop\Github\p5ArduinoMiddelware\arduino_code\Auto-Detect\board_detection\test\test_compiled/..\..\..\..\..\..\..\..\..\AppData\Local\Temp\arduino\cores\arduino_samd_mkrwifi1010_a79a166d907a7f92b952539eb02bfc72\core.a(SERCOM.cpp.o)
                              C:\Users\caspe\OneDrive\Desktop\Github\p5ArduinoMiddelware\arduino_code\Auto-Detect\board_detection\test\test_compiled\core\variant.cpp.o (SERCOM::SERCOM(Sercom*))
C:\Users\caspe\OneDrive\Desktop\Github\p5ArduinoMiddelware\arduino_code\Auto-Detect\board_detection\test\test_compiled/..\..\..\..\..\..\..\..\..\AppData\Local\Temp\arduino\cores\arduino_samd_mkrwifi1010_a79a166d907a7f92b952539eb02bfc72\core.a(CDC.cpp.o)
                              C:\Users\caspe\OneDrive\Desktop\Github\p5ArduinoMiddelware\arduino_code\Auto-Detect\board_detection\test\test_compiled\sketch\test.ino.cpp.o (Serial_::begin(unsigned long))
C:\Users\caspe\OneDrive\Desktop\Github\p5ArduinoMiddelware\arduino_code\Auto-Detect\board_detection\test\test_compiled/..\..\..\..\..\..\..\..\..\AppData\Local\Temp\arduino\cores\arduino_samd_mkrwifi1010_a79a166d907a7f92b952539eb02bfc72\core.a(USBCore.cpp.o)
                              C:\Users\caspe\OneDrive\Desktop\Github\p5ArduinoMiddelware\arduino_code\Auto-Detect\board_detection\test\test_compiled/..\..\..\..\..\..\..\..\..\AppData\Local\Temp\arduino\cores\arduino_samd_mkrwifi1010_a79a166d907a7f92b952539eb02bfc72\core.a(CDC.cpp.o) (usbd)
C:\Users\caspe\OneDrive\Desktop\Github\p5ArduinoMiddelware\arduino_code\Auto-Detect\board_detection\test\test_compiled/..\..\..\..\..\..\..\..\..\AppData\Local\Temp\arduino\cores\arduino_samd_mkrwifi1010_a79a166d907a7f92b952539eb02bfc72\core.a(Uart.cpp.o)
                              C:\Users\caspe\OneDrive\Desktop\Github\p5ArduinoMiddelware\arduino_code\Auto-Detect\board_detection\test\test_compiled\core\variant.cpp.o (Uart::Uart(SERCOM*, unsigned char, unsigned char, SercomRXPad, SercomUartTXPad, unsigned char, unsigned char))
C:\Users\caspe\OneDrive\Desktop\Github\p5ArduinoMiddelware\arduino_code\Auto-Detect\board_detection\test\test_compiled/..\..\..\..\..\..\..\..\..\AppData\Local\Temp\arduino\cores\arduino_samd_mkrwifi1010_a79a166d907a7f92b952539eb02bfc72\core.a(PluggableUSB.cpp.o)
                              C:\Users\caspe\OneDrive\Desktop\Github\p5ArduinoMiddelware\arduino_code\Auto-Detect\board_detection\test\test_compiled/..\..\..\..\..\..\..\..\..\AppData\Local\Temp\arduino\cores\arduino_samd_mkrwifi1010_a79a166d907a7f92b952539eb02bfc72\core.a(USBCore.cpp.o) (arduino::PluggableUSB_::getInterface(unsigned char*))
C:\Users\caspe\OneDrive\Desktop\Github\p5ArduinoMiddelware\arduino_code\Auto-Detect\board_detection\test\test_compiled/..\..\..\..\..\..\..\..\..\AppData\Local\Temp\arduino\cores\arduino_samd_mkrwifi1010_a79a166d907a7f92b952539eb02bfc72\core.a(Print.cpp.o)
                              C:\Users\caspe\OneDrive\Desktop\Github\p5ArduinoMiddelware\arduino_code\Auto-Detect\board_detection\test\test_compiled/..\..\..\..\..\..\..\..\..\AppData\Local\Temp\arduino\cores\arduino_samd_mkrwifi1010_a79a166d907a7f92b952539eb02bfc72\core.a(Uart.cpp.o) (arduino::Print::write(unsigned char const*, unsigned int))
C:\Users\caspe\OneDrive\Desktop\Github\p5ArduinoMiddelware\arduino_code\Auto-Detect\board_detection\test\test_compiled/..\..\..\..\..\..\..\..\..\AppData\Local\Temp\arduino\cores\arduino_samd_mkrwifi1010_a79a166d907a7f92b952539eb02bfc72\core.a(cortex_handlers.c.o)
                              (Reset_Handler)
C:\Users\caspe\OneDrive\Desktop\Github\p5ArduinoMiddelware\arduino_code\Auto-Detect\board_detection\test\test_compiled/..\..\..\..\..\..\..\..\..\AppData\Local\Temp\arduino\cores\arduino_samd_mkrwifi1010_a79a166d907a7f92b952539eb02bfc72\core.a(delay.c.o)
                              C:\Users\caspe\OneDrive\Desktop\Github\p5ArduinoMiddelware\arduino_code\Auto-Detect\board_detection\test\test_compiled/..\..\..\..\..\..\..\..\..\AppData\Local\Temp\arduino\cores\arduino_samd_mkrwifi1010_a79a166d907a7f92b952539eb02bfc72\core.a(CDC.cpp.o) (millis)
C:\Users\caspe\OneDrive\Desktop\Github\p5ArduinoMiddelware\arduino_code\Auto-Detect\board_detection\test\test_compiled/..\..\..\..\..\..\..\..\..\AppData\Local\Temp\arduino\cores\arduino_samd_mkrwifi1010_a79a166d907a7f92b952539eb02bfc72\core.a(hooks.c.o)
                              C:\Users\caspe\OneDrive\Desktop\Github\p5ArduinoMiddelware\arduino_code\Auto-Detect\board_detection\test\test_compiled/..\..\..\..\..\..\..\..\..\AppData\Local\Temp\arduino\cores\arduino_samd_mkrwifi1010_a79a166d907a7f92b952539eb02bfc72\core.a(delay.c.o) (yield)
C:\Users\caspe\OneDrive\Desktop\Github\p5ArduinoMiddelware\arduino_code\Auto-Detect\board_detection\test\test_compiled/..\..\..\..\..\..\..\..\..\AppData\Local\Temp\arduino\cores\arduino_samd_mkrwifi1010_a79a166d907a7f92b952539eb02bfc72\core.a(main.cpp.o)
[...]
Memory Configuration

Name             Origin             Length             Attributes
FLASH            0x00002000         0x0003e000         xr
RAM              0x20000000         0x00008000         xrw
*default*        0x00000000         0xffffffff

Linker script and memory map

LOAD c:/users/caspe/appdata/local/arduino15/packages/arduino/tools/arm-none-eabi-gcc/7-2017q4/bin/../lib/gcc/arm-none-eabi/7.2.1/thumb/v6-m/crti.o
LOAD c:/users/caspe/appdata/local/arduino15/packages/arduino/tools/arm-none-eabi-gcc/7-2017q4/bin/../lib/gcc/arm-none-eabi/7.2.1/thumb/v6-m/crtbegin.o
LOAD c:/users/caspe/appdata/local/arduino15/packages/arduino/tools/arm-none-eabi-gcc/7-2017q4/bin/../lib/gcc/arm-none-eabi/7.2.1/../../../../arm-none-eabi/lib/thumb/v6-m/crt0.o
LOAD C:\Users\caspe\OneDrive\Desktop\Github\p5ArduinoMiddelware\arduino_code\Auto-Detect\board_detection\test\test_compiled\sketch\test.ino.cpp.o
LOAD C:\Users\caspe\OneDrive\Desktop\Github\p5ArduinoMiddelware\arduino_code\Auto-Detect\board_detection\test\test_compiled\core\variant.cpp.o
START GROUP
LOAD C:\Users\caspe\AppData\Local\Arduino15\packages\arduino\tools\CMSIS\4.5.0/CMSIS/Lib/GCC/\libarm_cortexM0l_math.a
LOAD C:\Users\caspe\OneDrive\Desktop\Github\p5ArduinoMiddelware\arduino_code\Auto-Detect\board_detection\test\test_compiled/..\..\..\..\..\..\..\..\..\AppData\Local\Temp\arduino\cores\arduino_samd_mkrwifi1010_a79a166d907a7f92b952539eb02bfc72\core.a
END GROUP
LOAD c:/users/caspe/appdata/local/arduino15/packages/arduino/tools/arm-none-eabi-gcc/7-2017q4/bin/../lib/gcc/arm-none-eabi/7.2.1/../../../../arm-none-eabi/lib/thumb/v6-m\libstdc++_nano.a
LOAD c:/users/caspe/appdata/local/arduino15/packages/arduino/tools/arm-none-eabi-gcc/7-2017q4/bin/../lib/gcc/arm-none-eabi/7.2.1/../../../../arm-none-eabi/lib/thumb/v6-m\libm.a
START GROUP
LOAD c:/users/caspe/appdata/local/arduino15/packages/arduino/tools/arm-none-eabi-gcc/7-2017q4/bin/../lib/gcc/arm-none-eabi/7.2.1/thumb/v6-m\libgcc.a
LOAD c:/users/caspe/appdata/local/arduino15/packages/arduino/tools/arm-none-eabi-gcc/7-2017q4/bin/../lib/gcc/arm-none-eabi/7.2.1/../../../../arm-none-eabi/lib/thumb/v6-m\libc_nano.a
END GROUP
START GROUP
LOAD c:/users/caspe/appdata/local/arduino15/packages/arduino/tools/arm-none-eabi-gcc/7-2017q4/bin/../lib/gcc/arm-none-eabi/7.2.1/thumb/v6-m\libgcc.a
LOAD c:/users/caspe/appdata/local/arduino15/packages/arduino/tools/arm-none-eabi-gcc/7-2017q4/bin/../lib/gcc/arm-none-eabi/7.2.1/../../../../arm-none-eabi/lib/thumb/v6-m\libc_nano.a
LOAD c:/users/caspe/appdata/local/arduino15/packages/arduino/tools/arm-none-eabi-gcc/7-2017q4/bin/../lib/gcc/arm-none-eabi/7.2.1/../../../../arm-none-eabi/lib/thumb/v6-m\libnosys.a
END GROUP
START GROUP
LOAD c:/users/caspe/appdata/local/arduino15/packages/arduino/tools/arm-none-eabi-gcc/7-2017q4/bin/../lib/gcc/arm-none-eabi/7.2.1/thumb/v6-m\libgcc.a
LOAD c:/users/caspe/appdata/local/arduino15/packages/arduino/tools/arm-none-eabi-gcc/7-2017q4/bin/../lib/gcc/arm-none-eabi/7.2.1/../../../../arm-none-eabi/lib/thumb/v6-m\libc_nano.a
LOAD c:/users/caspe/appdata/local/arduino15/packages/arduino/tools/arm-none-eabi-gcc/7-2017q4/bin/../lib/gcc/arm-none-eabi/7.2.1/../../../../arm-none-eabi/lib/thumb/v6-m\libnosys.a
END GROUP
LOAD c:/users/caspe/appdata/local/arduino15/packages/arduino/tools/arm-none-eabi-gcc/7-2017q4/bin/../lib/gcc/arm-none-eabi/7.2.1/thumb/v6-m/crtend.o
LOAD c:/users/caspe/appdata/local/arduino15/packages/arduino/tools/arm-none-eabi-gcc/7-2017q4/bin/../lib/gcc/arm-none-eabi/7.2.1/thumb/v6-m/crtn.o

.text           0x00002000     0x303c
                0x00002000                __text_start__ = .
 *(.sketch_boot)
                0x00002000                . = ALIGN (0x2000)
 *(.isr_vector)
 .isr_vector    0x00002000       0xb4 C:\Users\caspe\OneDrive\Desktop\Github\p5ArduinoMiddelware\arduino_code\Auto-Detect\board_detection\test\test_compiled/..\..\..\..\..\..\..\..\..\AppData\Local\Temp\arduino\cores\arduino_samd_mkrwifi1010_a79a166d907a7f92b952539eb02bfc72\core.a(cortex_handlers.c.o)
                0x00002000                exception_table
 *(.text*)
 .text          0x000020b4       0x48 c:/users/caspe/appdata/local/arduino15/packages/arduino/tools/arm-none-eabi-gcc/7-2017q4/bin/../lib/gcc/arm-none-eabi/7.2.1/thumb/v6-m/crtbegin.o
 .text.loop     0x000020fc       0x20 C:\Users\caspe\OneDrive\Desktop\Github\p5ArduinoMiddelware\arduino_code\Auto-Detect\board_detection\test\test_compiled\sketch\test.ino.cpp.o
                0x000020fc                loop
 .text.setup    0x0000211c       0x14 C:\Users\caspe\OneDrive\Desktop\Github\p5ArduinoMiddelware\arduino_code\Auto-Detect\board_detection\test\test_compiled\sketch\test.ino.cpp.o
                0x0000211c                setup
 .text.initVariant
                0x00002130       0xf8 C:\Users\caspe\OneDrive\Desktop\Github\p5ArduinoMiddelware\arduino_code\Auto-Detect\board_detection\test\test_compiled\core\variant.cpp.o
                0x00002130                initVariant
 .text.SERCOM5_Handler
                0x00002228       0x10 C:\Users\caspe\OneDrive\Desktop\Github\p5ArduinoMiddelware\arduino_code\Auto-Detect\board_detection\test\test_compiled\core\variant.cpp.o
                0x00002228                SERCOM5_Handler
 .text.SERCOM4_Handler
                0x00002238       0x10 C:\Users\caspe\OneDrive\Desktop\Github\p5ArduinoMiddelware\arduino_code\Auto-Detect\board_detection\test\test_compiled\core\variant.cpp.o
                0x00002238                SERCOM4_Handler
 .text.startup._GLOBAL__sub_I_g_APinDescription
                0x00002248       0xa0 C:\Users\caspe\OneDrive\Desktop\Github\p5ArduinoMiddelware\arduino_code\Auto-Detect\board_detection\test\test_compiled\core\variant.cpp.o
 .text._ZN6SERCOMC2EP6Sercom
                0x000022e8        0x8 C:\Users\caspe\OneDrive\Desktop\Github\p5ArduinoMiddelware\arduino_code\Auto-Detect\board_detection\test\test_compiled/..\..\..\..\..\..\..\..\..\AppData\Local\Temp\arduino\cores\arduino_samd_mkrwifi1010_a79a166d907a7f92b952539eb02bfc72\core.a(SERCOM.cpp.o)
                0x000022e8                SERCOM::SERCOM(Sercom*)
                0x000022e8                SERCOM::SERCOM(Sercom*)
 .text._ZN6SERCOM9initFrameE18SercomUartCharSize15SercomDataOrder16SercomParityMode19SercomNumberStopBit
                0x000022f0       0x3a C:\Users\caspe\OneDrive\Desktop\Github\p5ArduinoMiddelware\arduino_code\Auto-Detect\board_detection\test\test_compiled/..\..\..\..\..\..\..\..\..\AppData\Local\Temp\arduino\cores\arduino_samd_mkrwifi1010_a79a166d907a7f92b952539eb02bfc72\core.a(SERCOM.cpp.o)
                0x000022f0                SERCOM::initFrame(SercomUartCharSize, SercomDataOrder, SercomParityMode, SercomNumberStopBit)
 .text._ZN6SERCOM8initPadsE15SercomUartTXPad11SercomRXPad
                0x0000232a       0x26 C:\Users\caspe\OneDrive\Desktop\Github\p5ArduinoMiddelware\arduino_code\Auto-Detect\board_detection\test\test_compiled/..\..\..\..\..\..\..\..\..\AppData\Local\Temp\arduino\cores\arduino_samd_mkrwifi1010_a79a166d907a7f92b952539eb02bfc72\core.a(SERCOM.cpp.o)
                0x0000232a                SERCOM::initPads(SercomUartTXPad, SercomRXPad)
 .text._ZN6SERCOM9resetUARTEv
                0x00002350       0x1a C:\Users\caspe\OneDrive\Desktop\Github\p5ArduinoMiddelware\arduino_code\Auto-Detect\board_detection\test\test_compiled/..\..\..\..\..\..\..\..\..\AppData\Local\Temp\arduino\cores\arduino_samd_mkrwifi1010_a79a166d907a7f92b952539eb02bfc72\core.a(SERCOM.cpp.o)
                0x00002350                SERCOM::resetUART()
 .text._ZN6SERCOM10enableUARTEv
                0x0000236a       0x14 C:\Users\caspe\OneDrive\Desktop\Github\p5ArduinoMiddelware\arduino_code\Auto-Detect\board_detection\test\test_compiled/..\..\..\..\..\..\..\..\..\AppData\Local\Temp\arduino\cores\arduino_samd_mkrwifi1010_a79a166d907a7f92b952539eb02bfc72\core.a(SERCOM.cpp.o)
                0x0000236a                SERCOM::enableUART()
 .text._ZN6SERCOM9flushUARTEv
                0x0000237e       0x14 C:\Users\caspe\OneDrive\Desktop\Github\p5ArduinoMiddelware\arduino_code\Auto-Detect\board_detection\test\test_compiled/..\..\..\..\..\..\..\..\..\AppData\Local\Temp\arduino\cores\arduino_samd_mkrwifi1010_a79a166d907a7f92b952539eb02bfc72\core.a(SERCOM.cpp.o)
                0x0000237e                SERCOM::flushUART()
 .text._ZN6SERCOM15clearStatusUARTEv
                0x00002392        0x8 C:\Users\caspe\OneDrive\Desktop\Github\p5ArduinoMiddelware\arduino_code\Auto-Detect\board_detection\test\test_compiled/..\..\..\..\..\..\..\..\..\AppData\Local\Temp\arduino\cores\arduino_samd_mkrwifi1010_a79a166d907a7f92b952539eb02bfc72\core.a(SERCOM.cpp.o)
                0x00002392                SERCOM::clearStatusUART()
 .text._ZN6SERCOM17availableDataUARTEv
                0x0000239a        0xa C:\Users\caspe\OneDrive\Desktop\Github\p5ArduinoMiddelware\arduino_code\Auto-Detect\board_detection\test\test_compiled/..\..\..\..\..\..\..\..\..\AppData\Local\Temp\arduino\cores\arduino_samd_mkrwifi1010_a79a166d907a7f92b952539eb02bfc72\core.a(SERCOM.cpp.o)
                0x0000239a                SERCOM::availableDataUART()
 .text._ZN6SERCOM11isUARTErrorEv
                0x000023a4        0x8 C:\Users\caspe\OneDrive\Desktop\Github\p5ArduinoMiddelware\arduino_code\Auto-Detect\board_detection\test\test_compiled/..\..\..\..\..\..\..\..\..\AppData\Local\Temp\arduino\cores\arduino_samd_mkrwifi1010_a79a166d907a7f92b952539eb02bfc72\core.a(SERCOM.cpp.o)
                0x000023a4                SERCOM::isUARTError()
 .text._ZN6SERCOM20acknowledgeUARTErrorEv
                0x000023ac        0xe C:\Users\caspe\OneDrive\Desktop\Github\p5ArduinoMiddelware\arduino_code\Auto-Detect\board_detection\test\test_compiled/..\..\..\..\..\..\..\..\..\AppData\Local\Temp\arduino\cores\arduino_samd_mkrwifi1010_a79a166d907a7f92b952539eb02bfc72\core.a(SERCOM.cpp.o)
                0x000023ac                SERCOM::acknowledgeUARTError()
 .text._ZN6SERCOM16isFrameErrorUARTEv
                0x000023ba        0xa C:\Users\caspe\OneDrive\Desktop\Github\p5ArduinoMiddelware\arduino_code\Auto-Detect\board_detection\test\test_compiled/..\..\..\..\..\..\..\..\..\AppData\Local\Temp\arduino\cores\arduino_samd_mkrwifi1010_a79a166d907a7f92b952539eb02bfc72\core.a(SERCOM.cpp.o)
                0x000023ba                SERCOM::isFrameErrorUART()
 .text._ZN6SERCOM19clearFrameErrorUARTEv
                0x000023c4        0xc C:\Users\caspe\OneDrive\Desktop\Github\p5ArduinoMiddelware\arduino_code\Auto-Detect\board_detection\test\test_compiled/..\..\..\..\..\..\..\..\..\AppData\Local\Temp\arduino\cores\arduino_samd_mkrwifi1010_a79a166d907a7f92b952539eb02bfc72\core.a(SERCOM.cpp.o)
                0x000023c4                SERCOM::clearFrameErrorUART()
 .text._ZN6SERCOM23isDataRegisterEmptyUARTEv
                0x000023d0        0xa C:\Users\caspe\OneDrive\Desktop\Github\p5ArduinoMiddelware\arduino_code\Auto-Detect\board_detection\test\test_compiled/..\..\..\..\..\..\..\..\..\AppData\Local\Temp\arduino\cores\arduino_samd_mkrwifi1010_a79a166d907a7f92b952539eb02bfc72\core.a(SERCOM.cpp.o)
                0x000023d0                SERCOM::isDataRegisterEmptyUART()
 .text._ZN6SERCOM12readDataUARTEv
                0x000023da        0x8 C:\Users\caspe\OneDrive\Desktop\Github\p5ArduinoMiddelware\arduino_code\Auto-Detect\board_detection\test\test_compiled/..\..\..\..\..\..\..\..\..\AppData\Local\Temp\arduino\cores\arduino_samd_mkrwifi1010_a79a166d907a7f92b952539eb02bfc72\core.a(SERCOM.cpp.o)
                0x000023da                SERCOM::readDataUART()
 .text._ZN6SERCOM13writeDataUARTEh
                0x000023e2       0x14 C:\Users\caspe\OneDrive\Desktop\Github\p5ArduinoMiddelware\arduino_code\Auto-Detect\board_detection\test\test_compiled/..\..\..\..\..\..\..\..\..\AppData\Local\Temp\arduino\cores\arduino_samd_mkrwifi1010_a79a166d907a7f92b952539eb02bfc72\core.a(SERCOM.cpp.o)
                0x000023e2                SERCOM::writeDataUART(unsigned char)
 .text._ZN6SERCOM36enableDataRegisterEmptyInterruptUARTEv
                0x000023f6        0x8 C:\Users\caspe\OneDrive\Desktop\Github\p5ArduinoMiddelware\arduino_code\Auto-Detect\board_detection\test\test_compiled/..\..\..\..\..\..\..\..\..\AppData\Local\Temp\arduino\cores\arduino_samd_mkrwifi1010_a79a166d907a7f92b952539eb02bfc72\core.a(SERCOM.cpp.o)
                0x000023f6                SERCOM::enableDataRegisterEmptyInterruptUART()
 .text._ZN6SERCOM37disableDataRegisterEmptyInterruptUARTEv
                0x000023fe        0x8 C:\Users\caspe\OneDrive\Desktop\Github\p5ArduinoMiddelware\arduino_code\Auto-Detect\board_detection\test\test_compiled/..\..\..\..\..\..\..\..\..\AppData\Local\Temp\arduino\cores\arduino_samd_mkrwifi1010_a79a166d907a7f92b952539eb02bfc72\core.a(SERCOM.cpp.o)
                0x000023fe                SERCOM::disableDataRegisterEmptyInterruptUART()
 .text._ZN6SERCOM9resetWIREEv
                0x00002406       0x1a C:\Users\caspe\OneDrive\Desktop\Github\p5ArduinoMiddelware\arduino_code\Auto-Detect\board_detection\test\test_compiled/..\..\..\..\..\..\..\..\..\AppData\Local\Temp\arduino\cores\arduino_samd_mkrwifi1010_a79a166d907a7f92b952539eb02bfc72\core.a(SERCOM.cpp.o)
                0x00002406                SERCOM::resetWIRE()
 .text._ZN6SERCOM10enableWIREEv
                0x00002420       0x2a C:\Users\caspe\OneDrive\Desktop\Github\p5ArduinoMiddelware\arduino_code\Auto-Detect\board_detection\test\test_compiled/..\..\..\..\..\..\..\..\..\AppData\Local\Temp\arduino\cores\arduino_samd_mkrwifi1010_a79a166d907a7f92b952539eb02bfc72\core.a(SERCOM.cpp.o)
                0x00002420                SERCOM::enableWIRE()
 .text._ZN6SERCOM11disableWIREEv
                0x0000244a       0x14 C:\Users\caspe\OneDrive\Desktop\Github\p5ArduinoMiddelware\arduino_code\Auto-Detect\board_detection\test\test_compiled/..\..\..\..\..\..\..\..\..\AppData\Local\Temp\arduino\cores\arduino_samd_mkrwifi1010_a79a166d907a7f92b952539eb02bfc72\core.a(SERCOM.cpp.o)
                0x0000244a                SERCOM::disableWIRE()
 *fill*         0x0000245e        0x2 
 .text._ZN6SERCOM22prepareCommandBitsWireEh
                0x00002460       0x2c C:\Users\caspe\OneDrive\Desktop\Github\p5ArduinoMiddelware\arduino_code\Auto-Detect\board_detection\test\test_compiled/..\..\..\..\..\..\..\..\..\AppData\Local\Temp\arduino\cores\arduino_samd_mkrwifi1010_a79a166d907a7f92b952539eb02bfc72\core.a(SERCOM.cpp.o)
                0x00002460                SERCOM::prepareCommandBitsWire(unsigned char)
 .text._ZN6SERCOM21startTransmissionWIREEh23SercomWireReadWriteFlag
                0x0000248c       0x84 C:\Users\caspe\OneDrive\Desktop\Github\p5ArduinoMiddelware\arduino_code\Auto-Detect\board_detection\test\test_compiled/..\..\..\..\..\..\..\..\..\AppData\Local\Temp\arduino\cores\arduino_samd_mkrwifi1010_a79a166d907a7f92b952539eb02bfc72\core.a(SERCOM.cpp.o)
                0x0000248c                SERCOM::startTransmissionWIRE(unsigned char, SercomWireReadWriteFlag)
 .text._ZN6SERCOM18sendDataMasterWIREEh
                0x00002510       0x30 C:\Users\caspe\OneDrive\Desktop\Github\p5ArduinoMiddelware\arduino_code\Auto-Detect\board_detection\test\test_compiled/..\..\..\..\..\..\..\..\..\AppData\Local\Temp\arduino\cores\arduino_samd_mkrwifi1010_a79a166d907a7f92b952539eb02bfc72\core.a(SERCOM.cpp.o)
                0x00002510                SERCOM::sendDataMasterWIRE(unsigned char)
 .text._ZN6SERCOM13initClockNVICEv
                0x00002540       0xa8 C:\Users\caspe\OneDrive\Desktop\Github\p5ArduinoMiddelware\arduino_code\Auto-Detect\board_detection\test\test_compiled/..\..\..\..\..\..\..\..\..\AppData\Local\Temp\arduino\cores\arduino_samd_mkrwifi1010_a79a166d907a7f92b952539eb02bfc72\core.a(SERCOM.cpp.o)
                0x00002540                SERCOM::initClockNVIC()
 .text._ZN6SERCOM8initUARTE14SercomUartMode20SercomUartSampleRatem
                0x000025e8       0x6c C:\Users\caspe\OneDrive\Desktop\Github\p5ArduinoMiddelware\arduino_code\Auto-Detect\board_detection\test\test_compiled/..\..\..\..\..\..\..\..\..\AppData\Local\Temp\arduino\cores\arduino_samd_mkrwifi1010_a79a166d907a7f92b952539eb02bfc72\core.a(SERCOM.cpp.o)
                0x000025e8                SERCOM::initUART(SercomUartMode, SercomUartSampleRate, unsigned long)
 .text._ZN6SERCOM14initMasterWIREEm
                0x00002654       0x54 C:\Users\caspe\OneDrive\Desktop\Github\p5ArduinoMiddelware\arduino_code\Auto-Detect\board_detection\test\test_compiled/..\..\..\..\..\..\..\..\..\AppData\Local\Temp\arduino\cores\arduino_samd_mkrwifi1010_a79a166d907a7f92b952539eb02bfc72\core.a(SERCOM.cpp.o)
                0x00002654                SERCOM::initMasterWIRE(unsigned long)
 .text._ZN7Serial_13getDescriptorERN7arduino8USBSetupE
                0x000026a8        0x4 C:\Users\caspe\OneDrive\Desktop\Github\p5ArduinoMiddelware\arduino_code\Auto-Detect\board_detection\test\test_compiled/..\..\..\..\..\..\..\..\..\AppData\Local\Temp\arduino\cores\arduino_samd_mkrwifi1010_a79a166d907a7f92b952539eb02bfc72\core.a(CDC.cpp.o)
                0x000026a8                Serial_::getDescriptor(arduino::USBSetup&)
 .text._ZL5utox8mPc
                0x000026ac       0x24 C:\Users\caspe\OneDrive\Desktop\Github\p5ArduinoMiddelware\arduino_code\Auto-Detect\board_detection\test\test_compiled/..\..\..\..\..\..\..\..\..\AppData\Local\Temp\arduino\cores\arduino_samd_mkrwifi1010_a79a166d907a7f92b952539eb02bfc72\core.a(CDC.cpp.o)
 .text._ZN7Serial_12getShortNameEPc
                0x000026d0       0x44 C:\Users\caspe\OneDrive\Desktop\Github\p5ArduinoMiddelware\arduino_code\Auto-Detect\board_detection\test\test_compiled/..\..\..\..\..\..\..\..\..\AppData\Local\Temp\arduino\cores\arduino_samd_mkrwifi1010_a79a166d907a7f92b952539eb02bfc72\core.a(CDC.cpp.o)
                0x000026d0                Serial_::getShortName(char*)
 .text._ZThn16_N7Serial_12getShortNameEPc
                0x00002714       0x10 C:\Users\caspe\OneDrive\Desktop\Github\p5ArduinoMiddelware\arduino_code\Auto-Detect\board_detection\test\test_compiled/..\..\..\..\..\..\..\..\..\AppData\Local\Temp\arduino\cores\arduino_samd_mkrwifi1010_a79a166d907a7f92b952539eb02bfc72\core.a(CDC.cpp.o)
                0x00002714                non-virtual thunk to Serial_::getShortName(char*)
 .text._ZN7Serial_5beginEm
                0x00002724        0x2 C:\Users\caspe\OneDrive\Desktop\Github\p5ArduinoMiddelware\arduino_code\Auto-Detect\board_detection\test\test_compiled/..\..\..\..\..\..\..\..\..\AppData\Local\Temp\arduino\cores\arduino_samd_mkrwifi1010_a79a166d907a7f92b952539eb02bfc72\core.a(CDC.cpp.o)
                0x00002724                Serial_::begin(unsigned long)
 .text._ZN7Serial_5beginEmt
                0x00002726        0x2 C:\Users\caspe\OneDrive\Desktop\Github\p5ArduinoMiddelware\arduino_code\Auto-Detect\board_detection\test\test_compiled/..\..\..\..\..\..\..\..\..\AppData\Local\Temp\arduino\cores\arduino_samd_mkrwifi1010_a79a166d907a7f92b952539eb02bfc72\core.a(CDC.cpp.o)
                0x00002726                Serial_::begin(unsigned long, unsigned short)
 .text._ZN7Serial_17availableForWriteEv
                0x00002728        0x4 C:\Users\caspe\OneDrive\Desktop\Github\p5ArduinoMiddelware\arduino_code\Auto-Detect\board_detection\test\test_compiled/..\..\..\..\..\..\..\..\..\AppData\Local\Temp\arduino\cores\arduino_samd_mkrwifi1010_a79a166d907a7f92b952539eb02bfc72\core.a(CDC.cpp.o)
                0x00002728                Serial_::availableForWrite()
 .text._ZN7Serial_5writeEh
                0x0000272c       0x14 C:\Users\caspe\OneDrive\Desktop\Github\p5ArduinoMiddelware\arduino_code\Auto-Detect\board_detection\test\test_compiled/..\..\..\..\..\..\..\..\..\AppData\Local\Temp\arduino\cores\arduino_samd_mkrwifi1010_a79a166d907a7f92b952539eb02bfc72\core.a(CDC.cpp.o)
                0x0000272c                Serial_::write(unsigned char)
 .text._ZN7Serial_12getInterfaceEPh
                0x00002740      0x11c C:\Users\caspe\OneDrive\Desktop\Github\p5ArduinoMiddelware\arduino_code\Auto-Detect\board_detection\test\test_compiled/..\..\..\..\..\..\..\..\..\AppData\Local\Temp\arduino\cores\arduino_samd_mkrwifi1010_a79a166d907a7f92b952539eb02bfc72\core.a(CDC.cpp.o)
                0x00002740                Serial_::getInterface(unsigned char*)
 .text._ZThn16_N7Serial_12getInterfaceEPh
                0x0000285c       0x10 C:\Users\caspe\OneDrive\Desktop\Github\p5ArduinoMiddelware\arduino_code\Auto-Detect\board_detection\test\test_compiled/..\..\..\..\..\..\..\..\..\AppData\Local\Temp\arduino\cores\arduino_samd_mkrwifi1010_a79a166d907a7f92b952539eb02bfc72\core.a(CDC.cpp.o)
                0x0000285c                non-virtual thunk to Serial_::getInterface(unsigned char*)
 .text._ZN7Serial_5setupERN7arduino8USBSetupE
                0x0000286c       0x98 C:\Users\caspe\OneDrive\Desktop\Github\p5ArduinoMiddelware\arduino_code\Auto-Detect\board_detection\test\test_compiled/..\..\..\..\..\..\..\..\..\AppData\Local\Temp\arduino\cores\arduino_samd_mkrwifi1010_a79a166d907a7f92b952539eb02bfc72\core.a(CDC.cpp.o)
                0x0000286c                Serial_::setup(arduino::USBSetup&)
 .text._ZThn16_N7Serial_5setupERN7arduino8USBSetupE
                0x00002904       0x10 C:\Users\caspe\OneDrive\Desktop\Github\p5ArduinoMiddelware\arduino_code\Auto-Detect\board_detection\test\test_compiled/..\..\..\..\..\..\..\..\..\AppData\Local\Temp\arduino\cores\arduino_samd_mkrwifi1010_a79a166d907a7f92b952539eb02bfc72\core.a(CDC.cpp.o)
                0x00002904                non-virtual thunk to Serial_::setup(arduino::USBSetup&)
 .text._ZN7Serial_3endEv
                0x00002914       0x14 C:\Users\caspe\OneDrive\Desktop\Github\p5ArduinoMiddelware\arduino_code\Auto-Detect\board_detection\test\test_compiled/..\..\..\..\..\..\..\..\..\AppData\Local\Temp\arduino\cores\arduino_samd_mkrwifi1010_a79a166d907a7f92b952539eb02bfc72\core.a(CDC.cpp.o)
                0x00002914                Serial_::end()
 .text._ZN7Serial_9availableEv
                0x00002928       0x20 C:\Users\caspe\OneDrive\Desktop\Github\p5ArduinoMiddelware\arduino_code\Auto-Detect\board_detection\test\test_compiled/..\..\..\..\..\..\..\..\..\AppData\Local\Temp\arduino\cores\arduino_samd_mkrwifi1010_a79a166d907a7f92b952539eb02bfc72\core.a(CDC.cpp.o)
                0x00002928                Serial_::available()
 .text._ZN7Serial_5flushEv
                0x00002948        0xe C:\Users\caspe\OneDrive\Desktop\Github\p5ArduinoMiddelware\arduino_code\Auto-Detect\board_detection\test\test_compiled/..\..\..\..\..\..\..\..\..\AppData\Local\Temp\arduino\cores\arduino_samd_mkrwifi1010_a79a166d907a7f92b952539eb02bfc72\core.a(CDC.cpp.o)
                0x00002948                Serial_::flush()
 .text._ZN7Serial_5clearEv
                0x00002956        0xe C:\Users\caspe\OneDrive\Desktop\Github\p5ArduinoMiddelware\arduino_code\Auto-Detect\board_detection\test\test_compiled/..\..\..\..\..\..\..\..\..\AppData\Local\Temp\arduino\cores\arduino_samd_mkrwifi1010_a79a166d907a7f92b952539eb02bfc72\core.a(CDC.cpp.o)
                0x00002956                Serial_::clear()
 .text._ZN7Serial_5writeEPKhj
                0x00002964       0x1e C:\Users\caspe\OneDrive\Desktop\Github\p5ArduinoMiddelware\arduino_code\Auto-Detect\board_detection\test\test_compiled/..\..\..\..\..\..\..\..\..\AppData\Local\Temp\arduino\cores\arduino_samd_mkrwifi1010_a79a166d907a7f92b952539eb02bfc72\core.a(CDC.cpp.o)
                0x00002964                Serial_::write(unsigned char const*, unsigned int)
 *fill*         0x00002982        0x2 
 .text._ZN7Serial_4peekEv
                0x00002984       0x1c C:\Users\caspe\OneDrive\Desktop\Github\p5ArduinoMiddelware\arduino_code\Auto-Detect\board_detection\test\test_compiled/..\..\..\..\..\..\..\..\..\AppData\Local\Temp\arduino\cores\arduino_samd_mkrwifi1010_a79a166d907a7f92b952539eb02bfc72\core.a(CDC.cpp.o)
                0x00002984                Serial_::peek()
 .text._ZN7Serial_4readEv
                0x000029a0       0x24 C:\Users\caspe\OneDrive\Desktop\Github\p5ArduinoMiddelware\arduino_code\Auto-Detect\board_detection\test\test_compiled/..\..\..\..\..\..\..\..\..\AppData\Local\Temp\arduino\cores\arduino_samd_mkrwifi1010_a79a166d907a7f92b952539eb02bfc72\core.a(CDC.cpp.o)
                0x000029a0                Serial_::read()
 .text._ZN7Serial_cvbEv
                0x000029c4       0x28 C:\Users\caspe\OneDrive\Desktop\Github\p5ArduinoMiddelware\arduino_code\Auto-Detect\board_detection\test\test_compiled/..\..\..\..\..\..\..\..\..\AppData\Local\Temp\arduino\cores\arduino_samd_mkrwifi1010_a79a166d907a7f92b952539eb02bfc72\core.a(CDC.cpp.o)
                0x000029c4                Serial_::operator bool()
 .text._ZThn16_N7Serial_13getDescriptorERN7arduino8USBSetupE
                0x000029ec        0x4 C:\Users\caspe\OneDrive\Desktop\Github\p5ArduinoMiddelware\arduino_code\Auto-Detect\board_detection\test\test_compiled/..\..\..\..\..\..\..\..\..\AppData\Local\Temp\arduino\cores\arduino_samd_mkrwifi1010_a79a166d907a7f92b952539eb02bfc72\core.a(CDC.cpp.o)
                0x000029ec                non-virtual thunk to Serial_::getDescriptor(arduino::USBSetup&)
 .text.resetExternalChip
                0x000029f0        0x2 C:\Users\caspe\OneDrive\Desktop\Github\p5ArduinoMiddelware\arduino_code\Auto-Detect\board_detection\test\test_compiled/..\..\..\..\..\..\..\..\..\AppData\Local\Temp\arduino\cores\arduino_samd_mkrwifi1010_a79a166d907a7f92b952539eb02bfc72\core.a(CDC.cpp.o)
                0x000029f0                resetExternalChip
 .text._ZN7Serial_14handleEndpointEi
                0x000029f2        0x2 C:\Users\caspe\OneDrive\Desktop\Github\p5ArduinoMiddelware\arduino_code\Auto-Detect\board_detection\test\test_compiled/..\..\..\..\..\..\..\..\..\AppData\Local\Temp\arduino\cores\arduino_samd_mkrwifi1010_a79a166d907a7f92b952539eb02bfc72\core.a(CDC.cpp.o)
                0x000029f2                Serial_::handleEndpoint(int)
 .text._ZN7Serial_C2ER14USBDeviceClass
                0x000029f4       0x50 C:\Users\caspe\OneDrive\Desktop\Github\p5ArduinoMiddelware\arduino_code\Auto-Detect\board_detection\test\test_compiled/..\..\..\..\..\..\..\..\..\AppData\Local\Temp\arduino\cores\arduino_samd_mkrwifi1010_a79a166d907a7f92b952539eb02bfc72\core.a(CDC.cpp.o)
                0x000029f4                Serial_::Serial_(USBDeviceClass&)
                0x000029f4                Serial_::Serial_(USBDeviceClass&)
 .text._ZN7Serial_15enableInterruptEv
                0x00002a44       0x30 C:\Users\caspe\OneDrive\Desktop\Github\p5ArduinoMiddelware\arduino_code\Auto-Detect\board_detection\test\test_compiled/..\..\..\..\..\..\..\..\..\AppData\Local\Temp\arduino\cores\arduino_samd_mkrwifi1010_a79a166d907a7f92b952539eb02bfc72\core.a(CDC.cpp.o)
                0x00002a44                Serial_::enableInterrupt()
 .text.startup._GLOBAL__sub_I__ZN7Serial_12getInterfaceEPh
                0x00002a74       0x14 C:\Users\caspe\OneDrive\Desktop\Github\p5ArduinoMiddelware\arduino_code\Auto-Detect\board_detection\test\test_compiled/..\..\..\..\..\..\..\..\..\AppData\Local\Temp\arduino\cores\arduino_samd_mkrwifi1010_a79a166d907a7f92b952539eb02bfc72\core.a(CDC.cpp.o)
 .text._ZN26DoubleBufferedEPOutHandlerD2Ev
                0x00002a88        0x2 C:\Users\caspe\OneDrive\Desktop\Github\p5ArduinoMiddelware\arduino_code\Auto-Detect\board_detection\test\test_compiled/..\..\..\..\..\..\..\..\..\AppData\Local\Temp\arduino\cores\arduino_samd_mkrwifi1010_a79a166d907a7f92b952539eb02bfc72\core.a(USBCore.cpp.o)
                0x00002a88                DoubleBufferedEPOutHandler::~DoubleBufferedEPOutHandler()
                0x00002a88                DoubleBufferedEPOutHandler::~DoubleBufferedEPOutHandler()
 .text._ZN26DoubleBufferedEPOutHandlerD0Ev
                0x00002a8a        0xc C:\Users\caspe\OneDrive\Desktop\Github\p5ArduinoMiddelware\arduino_code\Auto-Detect\board_detection\test\test_compiled/..\..\..\..\..\..\..\..\..\AppData\Local\Temp\arduino\cores\arduino_samd_mkrwifi1010_a79a166d907a7f92b952539eb02bfc72\core.a(USBCore.cpp.o)
                0x00002a8a                DoubleBufferedEPOutHandler::~DoubleBufferedEPOutHandler()
 *fill*         0x00002a96        0x2 
 .text._ZN14USBDeviceClass6initEPEmm.part.7
                0x00002a98       0xc4 C:\Users\caspe\OneDrive\Desktop\Github\p5ArduinoMiddelware\arduino_code\Auto-Detect\board_detection\test\test_compiled/..\..\..\..\..\..\..\..\..\AppData\Local\Temp\arduino\cores\arduino_samd_mkrwifi1010_a79a166d907a7f92b952539eb02bfc72\core.a(USBCore.cpp.o)
 .text._ZN7__GuardC2Ev
                0x00002b5c        0xe C:\Users\caspe\OneDrive\Desktop\Github\p5ArduinoMiddelware\arduino_code\Auto-Detect\board_detection\test\test_compiled/..\..\..\..\..\..\..\..\..\AppData\Local\Temp\arduino\cores\arduino_samd_mkrwifi1010_a79a166d907a7f92b952539eb02bfc72\core.a(USBCore.cpp.o)
                0x00002b5c                __Guard::__Guard()
                0x00002b5c                __Guard::__Guard()
 .text._ZN7__GuardD2Ev
                0x00002b6a        0xe C:\Users\caspe\OneDrive\Desktop\Github\p5ArduinoMiddelware\arduino_code\Auto-Detect\board_detection\test\test_compiled/..\..\..\..\..\..\..\..\..\AppData\Local\Temp\arduino\cores\arduino_samd_mkrwifi1010_a79a166d907a7f92b952539eb02bfc72\core.a(USBCore.cpp.o)
                0x00002b6a                __Guard::~__Guard()
                0x00002b6a                __Guard::~__Guard()
 .text._ZNK26DoubleBufferedEPOutHandler10_availableEv
                0x00002b78       0x70 C:\Users\caspe\OneDrive\Desktop\Github\p5ArduinoMiddelware\arduino_code\Auto-Detect\board_detection\test\test_compiled/..\..\..\..\..\..\..\..\..\AppData\Local\Temp\arduino\cores\arduino_samd_mkrwifi1010_a79a166d907a7f92b952539eb02bfc72\core.a(USBCore.cpp.o)
                0x00002b78                DoubleBufferedEPOutHandler::_available() const
 .text._ZN26DoubleBufferedEPOutHandler7releaseEv
                0x00002be8       0x38 C:\Users\caspe\OneDrive\Desktop\Github\p5ArduinoMiddelware\arduino_code\Auto-Detect\board_detection\test\test_compiled/..\..\..\..\..\..\..\..\..\AppData\Local\Temp\arduino\cores\arduino_samd_mkrwifi1010_a79a166d907a7f92b952539eb02bfc72\core.a(USBCore.cpp.o)
                0x00002be8                DoubleBufferedEPOutHandler::release()
 .text._ZN26DoubleBufferedEPOutHandler14handleEndpointEv
                0x00002c20       0xe2 C:\Users\caspe\OneDrive\Desktop\Github\p5ArduinoMiddelware\arduino_code\Auto-Detect\board_detection\test\test_compiled/..\..\..\..\..\..\..\..\..\AppData\Local\Temp\arduino\cores\arduino_samd_mkrwifi1010_a79a166d907a7f92b952539eb02bfc72\core.a(USBCore.cpp.o)
                0x00002c20                DoubleBufferedEPOutHandler::handleEndpoint()
 .text._ZN14USBDeviceClass14SendInterfacesEPm
                0x00002d02       0x20 C:\Users\caspe\OneDrive\Desktop\Github\p5ArduinoMiddelware\arduino_code\Auto-Detect\board_detection\test\test_compiled/..\..\..\..\..\..\..\..\..\AppData\Local\Temp\arduino\cores\arduino_samd_mkrwifi1010_a79a166d907a7f92b952539eb02bfc72\core.a(USBCore.cpp.o)
                0x00002d02                USBDeviceClass::SendInterfaces(unsigned long*)
 *fill*         0x00002d22        0x2 
 .text._ZN14USBDeviceClass6attachEv
                0x00002d24       0x34 C:\Users\caspe\OneDrive\Desktop\Github\p5ArduinoMiddelware\arduino_code\Auto-Detect\board_detection\test\test_compiled/..\..\..\..\..\..\..\..\..\AppData\Local\Temp\arduino\cores\arduino_samd_mkrwifi1010_a79a166d907a7f92b952539eb02bfc72\core.a(USBCore.cpp.o)
                0x00002d24                USBDeviceClass::attach()
 .text._ZN14USBDeviceClass10setAddressEm
                0x00002d58       0x48 C:\Users\caspe\OneDrive\Desktop\Github\p5ArduinoMiddelware\arduino_code\Auto-Detect\board_detection\test\test_compiled/..\..\..\..\..\..\..\..\..\AppData\Local\Temp\arduino\cores\arduino_samd_mkrwifi1010_a79a166d907a7f92b952539eb02bfc72\core.a(USBCore.cpp.o)
                0x00002d58                USBDeviceClass::setAddress(unsigned long)
 .text._ZN14USBDeviceClass25handleClassInterfaceSetupERN7arduino8USBSetupE
                0x00002da0       0x24 C:\Users\caspe\OneDrive\Desktop\Github\p5ArduinoMiddelware\arduino_code\Auto-Detect\board_detection\test\test_compiled/..\..\..\..\..\..\..\..\..\AppData\Local\Temp\arduino\cores\arduino_samd_mkrwifi1010_a79a166d907a7f92b952539eb02bfc72\core.a(USBCore.cpp.o)
                0x00002da0                USBDeviceClass::handleClassInterfaceSetup(arduino::USBSetup&)
 .text._ZN14USBDeviceClass6initEPEmm
                0x00002dc4      0x10c C:\Users\caspe\OneDrive\Desktop\Github\p5ArduinoMiddelware\arduino_code\Auto-Detect\board_detection\test\test_compiled/..\..\..\..\..\..\..\..\..\AppData\Local\Temp\arduino\cores\arduino_samd_mkrwifi1010_a79a166d907a7f92b952539eb02bfc72\core.a(USBCore.cpp.o)
                0x00002dc4                USBDeviceClass::initEP(unsigned long, unsigned long)
 .text._ZN14USBDeviceClass13initEndpointsEv
                0x00002ed0       0x24 C:\Users\caspe\OneDrive\Desktop\Github\p5ArduinoMiddelware\arduino_code\Auto-Detect\board_detection\test\test_compiled/..\..\..\..\..\..\..\..\..\AppData\Local\Temp\arduino\cores\arduino_samd_mkrwifi1010_a79a166d907a7f92b952539eb02bfc72\core.a(USBCore.cpp.o)
                0x00002ed0                USBDeviceClass::initEndpoints()
 .text._ZN14USBDeviceClass5clearEm
                0x00002ef4       0x38 C:\Users\caspe\OneDrive\Desktop\Github\p5ArduinoMiddelware\arduino_code\Auto-Detect\board_detection\test\test_compiled/..\..\..\..\..\..\..\..\..\AppData\Local\Temp\arduino\cores\arduino_samd_mkrwifi1010_a79a166d907a7f92b952539eb02bfc72\core.a(USBCore.cpp.o)
                0x00002ef4                USBDeviceClass::clear(unsigned long)
 .text._ZN14USBDeviceClass9availableEm
                0x00002f2c       0x2c C:\Users\caspe\OneDrive\Desktop\Github\p5ArduinoMiddelware\arduino_code\Auto-Detect\board_detection\test\test_compiled/..\..\..\..\..\..\..\..\..\AppData\Local\Temp\arduino\cores\arduino_samd_mkrwifi1010_a79a166d907a7f92b952539eb02bfc72\core.a(USBCore.cpp.o)
                0x00002f2c                USBDeviceClass::available(unsigned long)
 .text._ZN14USBDeviceClass5flushEm
                0x00002f58       0x2c C:\Users\caspe\OneDrive\Desktop\Github\p5ArduinoMiddelware\arduino_code\Auto-Detect\board_detection\test\test_compiled/..\..\..\..\..\..\..\..\..\AppData\Local\Temp\arduino\cores\arduino_samd_mkrwifi1010_a79a166d907a7f92b952539eb02bfc72\core.a(USBCore.cpp.o)
                0x00002f58                USBDeviceClass::flush(unsigned long)
 .text._ZN14USBDeviceClass4recvEmPvm
                0x00002f84       0xc0 C:\Users\caspe\OneDrive\Desktop\Github\p5ArduinoMiddelware\arduino_code\Auto-Detect\board_detection\test\test_compiled/..\..\..\..\..\..\..\..\..\AppData\Local\Temp\arduino\cores\arduino_samd_mkrwifi1010_a79a166d907a7f92b952539eb02bfc72\core.a(USBCore.cpp.o)
                0x00002f84                USBDeviceClass::recv(unsigned long, void*, unsigned long)
 .text._ZN14USBDeviceClass4recvEm
                0x00003044       0x1c C:\Users\caspe\OneDrive\Desktop\Github\p5ArduinoMiddelware\arduino_code\Auto-Detect\board_detection\test\test_compiled/..\..\..\..\..\..\..\..\..\AppData\Local\Temp\arduino\cores\arduino_samd_mkrwifi1010_a79a166d907a7f92b952539eb02bfc72\core.a(USBCore.cpp.o)
                0x00003044                USBDeviceClass::recv(unsigned long)
 .text._ZN14USBDeviceClass14armRecvCtrlOUTEm
                0x00003060       0x5c C:\Users\caspe\OneDrive\Desktop\Github\p5ArduinoMiddelware\arduino_code\Auto-Detect\board_detection\test\test_compiled/..\..\..\..\..\..\..\..\..\AppData\Local\Temp\arduino\cores\arduino_samd_mkrwifi1010_a79a166d907a7f92b952539eb02bfc72\core.a(USBCore.cpp.o)
                0x00003060                USBDeviceClass::armRecvCtrlOUT(unsigned long)
 .text._ZN14USBDeviceClass11recvControlEPvm
                0x000030bc       0x28 C:\Users\caspe\OneDrive\Desktop\Github\p5ArduinoMiddelware\arduino_code\Auto-Detect\board_detection\test\test_compiled/..\..\..\..\..\..\..\..\..\AppData\Local\Temp\arduino\cores\arduino_samd_mkrwifi1010_a79a166d907a7f92b952539eb02bfc72\core.a(USBCore.cpp.o)
                0x000030bc                USBDeviceClass::recvControl(void*, unsigned long)
 .text._ZN14USBDeviceClass4sendEmPKvm
                0x000030e4      0x10c C:\Users\caspe\OneDrive\Desktop\Github\p5ArduinoMiddelware\arduino_code\Auto-Detect\board_detection\test\test_compiled/..\..\..\..\..\..\..\..\..\AppData\Local\Temp\arduino\cores\arduino_samd_mkrwifi1010_a79a166d907a7f92b952539eb02bfc72\core.a(USBCore.cpp.o)
                0x000030e4                USBDeviceClass::send(unsigned long, void const*, unsigned long)
 .text._ZN14USBDeviceClass7armSendEmPKvm
                0x000031f0       0x48 C:\Users\caspe\OneDrive\Desktop\Github\p5ArduinoMiddelware\arduino_code\Auto-Detect\board_detection\test\test_compiled/..\..\..\..\..\..\..\..\..\AppData\Local\Temp\arduino\cores\arduino_samd_mkrwifi1010_a79a166d907a7f92b952539eb02bfc72\core.a(USBCore.cpp.o)
                0x000031f0                USBDeviceClass::armSend(unsigned long, void const*, unsigned long)
 .text._ZN14USBDeviceClass11sendControlEPKvm
                0x00003238       0x54 C:\Users\caspe\OneDrive\Desktop\Github\p5ArduinoMiddelware\arduino_code\Auto-Detect\board_detection\test\test_compiled/..\..\..\..\..\..\..\..\..\AppData\Local\Temp\arduino\cores\arduino_samd_mkrwifi1010_a79a166d907a7f92b952539eb02bfc72\core.a(USBCore.cpp.o)
                0x00003238                USBDeviceClass::sendControl(void const*, unsigned long)
 .text._ZN14USBDeviceClass20sendStringDescriptorEPKhm
                0x0000328c       0x64 C:\Users\caspe\OneDrive\Desktop\Github\p5ArduinoMiddelware\arduino_code\Auto-Detect\board_detection\test\test_compiled/..\..\..\..\..\..\..\..\..\AppData\Local\Temp\arduino\cores\arduino_samd_mkrwifi1010_a79a166d907a7f92b952539eb02bfc72\core.a(USBCore.cpp.o)
                0x0000328c                USBDeviceClass::sendStringDescriptor(unsigned char const*, unsigned long)
 .text._ZN14USBDeviceClass17sendConfigurationEm
                0x000032f0       0x80 C:\Users\caspe\OneDrive\Desktop\Github\p5ArduinoMiddelware\arduino_code\Auto-Detect\board_detection\test\test_compiled/..\..\..\..\..\..\..\..\..\AppData\Local\Temp\arduino\cores\arduino_samd_mkrwifi1010_a79a166d907a7f92b952539eb02bfc72\core.a(USBCore.cpp.o)
                0x000032f0                USBDeviceClass::sendConfiguration(unsigned long)
 .text._ZN14USBDeviceClass14sendDescriptorERN7arduino8USBSetupE
                0x00003370       0xd8 C:\Users\caspe\OneDrive\Desktop\Github\p5ArduinoMiddelware\arduino_code\Auto-Detect\board_detection\test\test_compiled/..\..\..\..\..\..\..\..\..\AppData\Local\Temp\arduino\cores\arduino_samd_mkrwifi1010_a79a166d907a7f92b952539eb02bfc72\core.a(USBCore.cpp.o)
                0x00003370                USBDeviceClass::sendDescriptor(arduino::USBSetup&)
 .text._ZN14USBDeviceClass7sendZlpEm
                0x00003448       0x18 C:\Users\caspe\OneDrive\Desktop\Github\p5ArduinoMiddelware\arduino_code\Auto-Detect\board_detection\test\test_compiled/..\..\..\..\..\..\..\..\..\AppData\Local\Temp\arduino\cores\arduino_samd_mkrwifi1010_a79a166d907a7f92b952539eb02bfc72\core.a(USBCore.cpp.o)
                0x00003448                USBDeviceClass::sendZlp(unsigned long)
 .text._ZN14USBDeviceClass19handleStandardSetupERN7arduino8USBSetupE
                0x00003460       0xf0 C:\Users\caspe\OneDrive\Desktop\Github\p5ArduinoMiddelware\arduino_code\Auto-Detect\board_detection\test\test_compiled/..\..\..\..\..\..\..\..\..\AppData\Local\Temp\arduino\cores\arduino_samd_mkrwifi1010_a79a166d907a7f92b952539eb02bfc72\core.a(USBCore.cpp.o)
                0x00003460                USBDeviceClass::handleStandardSetup(arduino::USBSetup&)
 .text._ZN14USBDeviceClass10ISRHandlerEv
                0x00003550      0x108 C:\Users\caspe\OneDrive\Desktop\Github\p5ArduinoMiddelware\arduino_code\Auto-Detect\board_detection\test\test_compiled/..\..\..\..\..\..\..\..\..\AppData\Local\Temp\arduino\cores\arduino_samd_mkrwifi1010_a79a166d907a7f92b952539eb02bfc72\core.a(USBCore.cpp.o)
                0x00003550                USBDeviceClass::ISRHandler()
 .text.UDD_Handler
                0x00003658       0x10 C:\Users\caspe\OneDrive\Desktop\Github\p5ArduinoMiddelware\arduino_code\Auto-Detect\board_detection\test\test_compiled/..\..\..\..\..\..\..\..\..\AppData\Local\Temp\arduino\cores\arduino_samd_mkrwifi1010_a79a166d907a7f92b952539eb02bfc72\core.a(USBCore.cpp.o)
                0x00003658                UDD_Handler
 .text._ZN7arduino13PluggableUSB_C2Ev
                0x00003668       0x10 C:\Users\caspe\OneDrive\Desktop\Github\p5ArduinoMiddelware\arduino_code\Auto-Detect\board_detection\test\test_compiled/..\..\..\..\..\..\..\..\..\AppData\Local\Temp\arduino\cores\arduino_samd_mkrwifi1010_a79a166d907a7f92b952539eb02bfc72\core.a(USBCore.cpp.o)
                0x00003668                arduino::PluggableUSB_::PluggableUSB_()
                0x00003668                arduino::PluggableUSB_::PluggableUSB_()
 .text._Z8epBufferj
                0x00003678        0xc C:\Users\caspe\OneDrive\Desktop\Github\p5ArduinoMiddelware\arduino_code\Auto-Detect\board_detection\test\test_compiled/..\..\..\..\..\..\..\..\..\AppData\Local\Temp\arduino\cores\arduino_samd_mkrwifi1010_a79a166d907a7f92b952539eb02bfc72\core.a(USBCore.cpp.o)
                0x00003678                epBuffer(unsigned int)
 .text._ZN7arduino11RingBufferNILi64EE10store_charEh
                0x00003684       0x1c C:\Users\caspe\OneDrive\Desktop\Github\p5ArduinoMiddelware\arduino_code\Auto-Detect\board_detection\test\test_compiled/..\..\..\..\..\..\..\..\..\AppData\Local\Temp\arduino\cores\arduino_samd_mkrwifi1010_a79a166d907a7f92b952539eb02bfc72\core.a(USBCore.cpp.o)
                0x00003684                arduino::RingBufferN<64>::store_char(unsigned char)
 .text._ZN26DoubleBufferedEPOutHandler5_recvEv
                0x000036a0      0x15e C:\Users\caspe\OneDrive\Desktop\Github\p5ArduinoMiddelware\arduino_code\Auto-Detect\board_detection\test\test_compiled/..\..\..\..\..\..\..\..\..\AppData\Local\Temp\arduino\cores\arduino_samd_mkrwifi1010_a79a166d907a7f92b952539eb02bfc72\core.a(USBCore.cpp.o)
                0x000036a0                DoubleBufferedEPOutHandler::_recv()
 .text._ZN26DoubleBufferedEPOutHandler9availableEv
                0x000037fe        0xc C:\Users\caspe\OneDrive\Desktop\Github\p5ArduinoMiddelware\arduino_code\Auto-Detect\board_detection\test\test_compiled/..\..\..\..\..\..\..\..\..\AppData\Local\Temp\arduino\cores\arduino_samd_mkrwifi1010_a79a166d907a7f92b952539eb02bfc72\core.a(USBCore.cpp.o)
                0x000037fe                DoubleBufferedEPOutHandler::available()
 .text._ZN26DoubleBufferedEPOutHandler4peekEv
                0x0000380a       0x1c C:\Users\caspe\OneDrive\Desktop\Github\p5ArduinoMiddelware\arduino_code\Auto-Detect\board_detection\test\test_compiled/..\..\..\..\..\..\..\..\..\AppData\Local\Temp\arduino\cores\arduino_samd_mkrwifi1010_a79a166d907a7f92b952539eb02bfc72\core.a(USBCore.cpp.o)
                0x0000380a                DoubleBufferedEPOutHandler::peek()
 .text._ZN26DoubleBufferedEPOutHandler4recvEPvm
                0x00003826       0x60 C:\Users\caspe\OneDrive\Desktop\Github\p5ArduinoMiddelware\arduino_code\Auto-Detect\board_detection\test\test_compiled/..\..\..\..\..\..\..\..\..\AppData\Local\Temp\arduino\cores\arduino_samd_mkrwifi1010_a79a166d907a7f92b952539eb02bfc72\core.a(USBCore.cpp.o)
                0x00003826                DoubleBufferedEPOutHandler::recv(void*, unsigned long)
 *fill*         0x00003886        0x2 
 .text.startup._GLOBAL__sub_I_usbd
                0x00003888       0x10 C:\Users\caspe\OneDrive\Desktop\Github\p5ArduinoMiddelware\arduino_code\Auto-Detect\board_detection\test\test_compiled/..\..\..\..\..\..\..\..\..\AppData\Local\Temp\arduino\cores\arduino_samd_mkrwifi1010_a79a166d907a7f92b952539eb02bfc72\core.a(USBCore.cpp.o)
 .text._ZN14USBDeviceClass4initEv
                0x00003898      0x15c C:\Users\caspe\OneDrive\Desktop\Github\p5ArduinoMiddelware\arduino_code\Auto-Detect\board_detection\test\test_compiled/..\..\..\..\..\..\..\..\..\AppData\Local\Temp\arduino\cores\arduino_samd_mkrwifi1010_a79a166d907a7f92b952539eb02bfc72\core.a(USBCore.cpp.o)
                0x00003898                USBDeviceClass::init()
 .text._ZN4UartcvbEv
                0x000039f4        0x4 C:\Users\caspe\OneDrive\Desktop\Github\p5ArduinoMiddelware\arduino_code\Auto-Detect\board_detection\test\test_compiled/..\..\..\..\..\..\..\..\..\AppData\Local\Temp\arduino\cores\arduino_samd_mkrwifi1010_a79a166d907a7f92b952539eb02bfc72\core.a(Uart.cpp.o)
                0x000039f4                Uart::operator bool()
 .text._ZN4Uart5beginEm
                0x000039f8       0x10 C:\Users\caspe\OneDrive\Desktop\Github\p5ArduinoMiddelware\arduino_code\Auto-Detect\board_detection\test\test_compiled/..\..\..\..\..\..\..\..\..\AppData\Local\Temp\arduino\cores\arduino_samd_mkrwifi1010_a79a166d907a7f92b952539eb02bfc72\core.a(Uart.cpp.o)
                0x000039f8                Uart::begin(unsigned long)
 .text._ZN4Uart9availableEv
                0x00003a08        0x6 C:\Users\caspe\OneDrive\Desktop\Github\p5ArduinoMiddelware\arduino_code\Auto-Detect\board_detection\test\test_compiled/..\..\..\..\..\..\..\..\..\AppData\Local\Temp\arduino\cores\arduino_samd_mkrwifi1010_a79a166d907a7f92b952539eb02bfc72\core.a(Uart.cpp.o)
                0x00003a08                Uart::available()
 .text._ZN4Uart17availableForWriteEv
                0x00003a0e       0x10 C:\Users\caspe\OneDrive\Desktop\Github\p5ArduinoMiddelware\arduino_code\Auto-Detect\board_detection\test\test_compiled/..\..\..\..\..\..\..\..\..\AppData\Local\Temp\arduino\cores\arduino_samd_mkrwifi1010_a79a166d907a7f92b952539eb02bfc72\core.a(Uart.cpp.o)
                0x00003a0e                Uart::availableForWrite()
 .text._ZN4Uart4peekEv
                0x00003a1e       0x18 C:\Users\caspe\OneDrive\Desktop\Github\p5ArduinoMiddelware\arduino_code\Auto-Detect\board_detection\test\test_compiled/..\..\..\..\..\..\..\..\..\AppData\Local\Temp\arduino\cores\arduino_samd_mkrwifi1010_a79a166d907a7f92b952539eb02bfc72\core.a(Uart.cpp.o)
                0x00003a1e                Uart::peek()
 .text._ZN4Uart3endEv
                0x00003a36       0x24 C:\Users\caspe\OneDrive\Desktop\Github\p5ArduinoMiddelware\arduino_code\Auto-Detect\board_detection\test\test_compiled/..\..\..\..\..\..\..\..\..\AppData\Local\Temp\arduino\cores\arduino_samd_mkrwifi1010_a79a166d907a7f92b952539eb02bfc72\core.a(Uart.cpp.o)
                0x00003a36                Uart::end()
 .text._ZN4Uart5flushEv
                0x00003a5a       0x16 C:\Users\caspe\OneDrive\Desktop\Github\p5ArduinoMiddelware\arduino_code\Auto-Detect\board_detection\test\test_compiled/..\..\..\..\..\..\..\..\..\AppData\Local\Temp\arduino\cores\arduino_samd_mkrwifi1010_a79a166d907a7f92b952539eb02bfc72\core.a(Uart.cpp.o)
                0x00003a5a                Uart::flush()
 .text._ZN4Uart16extractNbStopBitEt
                0x00003a70        0xc C:\Users\caspe\OneDrive\Desktop\Github\p5ArduinoMiddelware\arduino_code\Auto-Detect\board_detection\test\test_compiled/..\..\..\..\..\..\..\..\..\AppData\Local\Temp\arduino\cores\arduino_samd_mkrwifi1010_a79a166d907a7f92b952539eb02bfc72\core.a(Uart.cpp.o)
                0x00003a70                Uart::extractNbStopBit(unsigned short)
 .text._ZN4Uart15extractCharSizeEt
                0x00003a7c       0x28 C:\Users\caspe\OneDrive\Desktop\Github\p5ArduinoMiddelware\arduino_code\Auto-Detect\board_detection\test\test_compiled/..\..\..\..\..\..\..\..\..\AppData\Local\Temp\arduino\cores\arduino_samd_mkrwifi1010_a79a166d907a7f92b952539eb02bfc72\core.a(Uart.cpp.o)
                0x00003a7c                Uart::extractCharSize(unsigned short)
 .text._ZN4Uart13extractParityEt
                0x00003aa4       0x14 C:\Users\caspe\OneDrive\Desktop\Github\p5ArduinoMiddelware\arduino_code\Auto-Detect\board_detection\test\test_compiled/..\..\..\..\..\..\..\..\..\AppData\Local\Temp\arduino\cores\arduino_samd_mkrwifi1010_a79a166d907a7f92b952539eb02bfc72\core.a(Uart.cpp.o)
                0x00003aa4                Uart::extractParity(unsigned short)
 .text._ZN4Uart5beginEmt
                0x00003ab8       0xf8 C:\Users\caspe\OneDrive\Desktop\Github\p5ArduinoMiddelware\arduino_code\Auto-Detect\board_detection\test\test_compiled/..\..\..\..\..\..\..\..\..\AppData\Local\Temp\arduino\cores\arduino_samd_mkrwifi1010_a79a166d907a7f92b952539eb02bfc72\core.a(Uart.cpp.o)
                0x00003ab8                Uart::begin(unsigned long, unsigned short)
 .text._ZN7arduino11RingBufferNILi256EEC2Ev
                0x00003bb0       0x1e C:\Users\caspe\OneDrive\Desktop\Github\p5ArduinoMiddelware\arduino_code\Auto-Detect\board_detection\test\test_compiled/..\..\..\..\..\..\..\..\..\AppData\Local\Temp\arduino\cores\arduino_samd_mkrwifi1010_a79a166d907a7f92b952539eb02bfc72\core.a(Uart.cpp.o)
                0x00003bb0                arduino::RingBufferN<256>::RingBufferN()
                0x00003bb0                arduino::RingBufferN<256>::RingBufferN()
 *fill*         0x00003bce        0x2 
 .text._ZN4UartC2EP6SERCOMhh11SercomRXPad15SercomUartTXPadhh
                0x00003bd0       0x88 C:\Users\caspe\OneDrive\Desktop\Github\p5ArduinoMiddelware\arduino_code\Auto-Detect\board_detection\test\test_compiled/..\..\..\..\..\..\..\..\..\AppData\Local\Temp\arduino\cores\arduino_samd_mkrwifi1010_a79a166d907a7f92b952539eb02bfc72\core.a(Uart.cpp.o)
                0x00003bd0                Uart::Uart(SERCOM*, unsigned char, unsigned char, SercomRXPad, SercomUartTXPad, unsigned char, unsigned char)
                0x00003bd0                Uart::Uart(SERCOM*, unsigned char, unsigned char, SercomRXPad, SercomUartTXPad, unsigned char, unsigned char)
 .text._ZN4UartC2EP6SERCOMhh11SercomRXPad15SercomUartTXPad
                0x00003c58       0x74 C:\Users\caspe\OneDrive\Desktop\Github\p5ArduinoMiddelware\arduino_code\Auto-Detect\board_detection\test\test_compiled/..\..\..\..\..\..\..\..\..\AppData\Local\Temp\arduino\cores\arduino_samd_mkrwifi1010_a79a166d907a7f92b952539eb02bfc72\core.a(Uart.cpp.o)
                0x00003c58                Uart::Uart(SERCOM*, unsigned char, unsigned char, SercomRXPad, SercomUartTXPad)
                0x00003c58                Uart::Uart(SERCOM*, unsigned char, unsigned char, SercomRXPad, SercomUartTXPad)
 .text._ZN7arduino15SafeRingBufferNILi256EE10store_charEh
                0x00003ccc       0x4a C:\Users\caspe\OneDrive\Desktop\Github\p5ArduinoMiddelware\arduino_code\Auto-Detect\board_detection\test\test_compiled/..\..\..\..\..\..\..\..\..\AppData\Local\Temp\arduino\cores\arduino_samd_mkrwifi1010_a79a166d907a7f92b952539eb02bfc72\core.a(Uart.cpp.o)
                0x00003ccc                arduino::SafeRingBufferN<256>::store_char(unsigned char)
 .text._ZN7arduino15SafeRingBufferNILi256EE9read_charEv
                0x00003d16       0x50 C:\Users\caspe\OneDrive\Desktop\Github\p5ArduinoMiddelware\arduino_code\Auto-Detect\board_detection\test\test_compiled/..\..\..\..\..\..\..\..\..\AppData\Local\Temp\arduino\cores\arduino_samd_mkrwifi1010_a79a166d907a7f92b952539eb02bfc72\core.a(Uart.cpp.o)
                0x00003d16                arduino::SafeRingBufferN<256>::read_char()
 .text._ZN4Uart10IrqHandlerEv
                0x00003d66       0xa4 C:\Users\caspe\OneDrive\Desktop\Github\p5ArduinoMiddelware\arduino_code\Auto-Detect\board_detection\test\test_compiled/..\..\..\..\..\..\..\..\..\AppData\Local\Temp\arduino\cores\arduino_samd_mkrwifi1010_a79a166d907a7f92b952539eb02bfc72\core.a(Uart.cpp.o)
                0x00003d66                Uart::IrqHandler()
 *fill*         0x00003e0a        0x2 
 .text._ZN4Uart5writeEh
                0x00003e0c       0x9c C:\Users\caspe\OneDrive\Desktop\Github\p5ArduinoMiddelware\arduino_code\Auto-Detect\board_detection\test\test_compiled/..\..\..\..\..\..\..\..\..\AppData\Local\Temp\arduino\cores\arduino_samd_mkrwifi1010_a79a166d907a7f92b952539eb02bfc72\core.a(Uart.cpp.o)
                0x00003e0c                Uart::write(unsigned char)
 .text._ZN4Uart4readEv
                0x00003ea8       0x34 C:\Users\caspe\OneDrive\Desktop\Github\p5ArduinoMiddelware\arduino_code\Auto-Detect\board_detection\test\test_compiled/..\..\..\..\..\..\..\..\..\AppData\Local\Temp\arduino\cores\arduino_samd_mkrwifi1010_a79a166d907a7f92b952539eb02bfc72\core.a(Uart.cpp.o)
                0x00003ea8                Uart::read()
 .text._ZN7arduino13PluggableUSB_12getInterfaceEPh
                0x00003edc       0x28 C:\Users\caspe\OneDrive\Desktop\Github\p5ArduinoMiddelware\arduino_code\Auto-Detect\board_detection\test\test_compiled/..\..\..\..\..\..\..\..\..\AppData\Local\Temp\arduino\cores\arduino_samd_mkrwifi1010_a79a166d907a7f92b952539eb02bfc72\core.a(PluggableUSB.cpp.o)
                0x00003edc                arduino::PluggableUSB_::getInterface(unsigned char*)
 .text._ZN7arduino13PluggableUSB_13getDescriptorERNS_8USBSetupE
                0x00003f04       0x20 C:\Users\caspe\OneDrive\Desktop\Github\p5ArduinoMiddelware\arduino_code\Auto-Detect\board_detection\test\test_compiled/..\..\..\..\..\..\..\..\..\AppData\Local\Temp\arduino\cores\arduino_samd_mkrwifi1010_a79a166d907a7f92b952539eb02bfc72\core.a(PluggableUSB.cpp.o)
                0x00003f04                arduino::PluggableUSB_::getDescriptor(arduino::USBSetup&)
 .text._ZN7arduino13PluggableUSB_12getShortNameEPc
                0x00003f24       0x1e C:\Users\caspe\OneDrive\Desktop\Github\p5ArduinoMiddelware\arduino_code\Auto-Detect\board_detection\test\test_compiled/..\..\..\..\..\..\..\..\..\AppData\Local\Temp\arduino\cores\arduino_samd_mkrwifi1010_a79a166d907a7f92b952539eb02bfc72\core.a(PluggableUSB.cpp.o)
                0x00003f24                arduino::PluggableUSB_::getShortName(char*)
 .text._ZN7arduino13PluggableUSB_5setupERNS_8USBSetupE
                0x00003f42       0x20 C:\Users\caspe\OneDrive\Desktop\Github\p5ArduinoMiddelware\arduino_code\Auto-Detect\board_detection\test\test_compiled/..\..\..\..\..\..\..\..\..\AppData\Local\Temp\arduino\cores\arduino_samd_mkrwifi1010_a79a166d907a7f92b952539eb02bfc72\core.a(PluggableUSB.cpp.o)
                0x00003f42                arduino::PluggableUSB_::setup(arduino::USBSetup&)
 .text._ZN7arduino13PluggableUSB_4plugEPNS_18PluggableUSBModuleE
                0x00003f62       0x5c C:\Users\caspe\OneDrive\Desktop\Github\p5ArduinoMiddelware\arduino_code\Auto-Detect\board_detection\test\test_compiled/..\..\..\..\..\..\..\..\..\AppData\Local\Temp\arduino\cores\arduino_samd_mkrwifi1010_a79a166d907a7f92b952539eb02bfc72\core.a(PluggableUSB.cpp.o)
                0x00003f62                arduino::PluggableUSB_::plug(arduino::PluggableUSBModule*)
 *fill*         0x00003fbe        0x2 
 .text._Z12PluggableUSBv
                0x00003fc0       0x24 C:\Users\caspe\OneDrive\Desktop\Github\p5ArduinoMiddelware\arduino_code\Auto-Detect\board_detection\test\test_compiled/..\..\..\..\..\..\..\..\..\AppData\Local\Temp\arduino\cores\arduino_samd_mkrwifi1010_a79a166d907a7f92b952539eb02bfc72\core.a(PluggableUSB.cpp.o)
                0x00003fc0                PluggableUSB()
 .text._ZN7arduino5Print5writeEPKhj
                0x00003fe4       0x28 C:\Users\caspe\OneDrive\Desktop\Github\p5ArduinoMiddelware\arduino_code\Auto-Detect\board_detection\test\test_compiled/..\..\..\..\..\..\..\..\..\AppData\Local\Temp\arduino\cores\arduino_samd_mkrwifi1010_a79a166d907a7f92b952539eb02bfc72\core.a(Print.cpp.o)
                0x00003fe4                arduino::Print::write(unsigned char const*, unsigned int)
 .text._ZN7arduino5Print5writeEPKc.part.2
                0x0000400c       0x1a C:\Users\caspe\OneDrive\Desktop\Github\p5ArduinoMiddelware\arduino_code\Auto-Detect\board_detection\test\test_compiled/..\..\..\..\..\..\..\..\..\AppData\Local\Temp\arduino\cores\arduino_samd_mkrwifi1010_a79a166d907a7f92b952539eb02bfc72\core.a(Print.cpp.o)
 .text._ZN7arduino5Print5writeEPKc
                0x00004026       0x10 C:\Users\caspe\OneDrive\Desktop\Github\p5ArduinoMiddelware\arduino_code\Auto-Detect\board_detection\test\test_compiled/..\..\..\..\..\..\..\..\..\AppData\Local\Temp\arduino\cores\arduino_samd_mkrwifi1010_a79a166d907a7f92b952539eb02bfc72\core.a(Print.cpp.o)
                0x00004026                arduino::Print::write(char const*)
 .text._ZN7arduino5Print5printEc
                0x00004036        0xa C:\Users\caspe\OneDrive\Desktop\Github\p5ArduinoMiddelware\arduino_code\Auto-Detect\board_detection\test\test_compiled/..\..\..\..\..\..\..\..\..\AppData\Local\Temp\arduino\cores\arduino_samd_mkrwifi1010_a79a166d907a7f92b952539eb02bfc72\core.a(Print.cpp.o)
                0x00004036                arduino::Print::print(char)
 .text._ZN7arduino5Print7printlnEv
                0x00004040       0x10 C:\Users\caspe\OneDrive\Desktop\Github\p5ArduinoMiddelware\arduino_code\Auto-Detect\board_detection\test\test_compiled/..\..\..\..\..\..\..\..\..\AppData\Local\Temp\arduino\cores\arduino_samd_mkrwifi1010_a79a166d907a7f92b952539eb02bfc72\core.a(Print.cpp.o)
                0x00004040                arduino::Print::println()
 .text._ZN7arduino5Print11printNumberEmh
                0x00004050       0x48 C:\Users\caspe\OneDrive\Desktop\Github\p5ArduinoMiddelware\arduino_code\Auto-Detect\board_detection\test\test_compiled/..\..\..\..\..\..\..\..\..\AppData\Local\Temp\arduino\cores\arduino_samd_mkrwifi1010_a79a166d907a7f92b952539eb02bfc72\core.a(Print.cpp.o)
                0x00004050                arduino::Print::printNumber(unsigned long, unsigned char)
 .text._ZN7arduino5Print5printEli
                0x00004098       0x3e C:\Users\caspe\OneDrive\Desktop\Github\p5ArduinoMiddelware\arduino_code\Auto-Detect\board_detection\test\test_compiled/..\..\..\..\..\..\..\..\..\AppData\Local\Temp\arduino\cores\arduino_samd_mkrwifi1010_a79a166d907a7f92b952539eb02bfc72\core.a(Print.cpp.o)
                0x00004098                arduino::Print::print(long, int)
 .text._ZN7arduino5Print7printlnEii
                0x000040d6       0x14 C:\Users\caspe\OneDrive\Desktop\Github\p5ArduinoMiddelware\arduino_code\Auto-Detect\board_detection\test\test_compiled/..\..\..\..\..\..\..\..\..\AppData\Local\Temp\arduino\cores\arduino_samd_mkrwifi1010_a79a166d907a7f92b952539eb02bfc72\core.a(Print.cpp.o)
                0x000040d6                arduino::Print::println(int, int)
 .text.Dummy_Handler
                0x000040ea        0x2 C:\Users\caspe\OneDrive\Desktop\Github\p5ArduinoMiddelware\arduino_code\Auto-Detect\board_detection\test\test_compiled/..\..\..\..\..\..\..\..\..\AppData\Local\Temp\arduino\cores\arduino_samd_mkrwifi1010_a79a166d907a7f92b952539eb02bfc72\core.a(cortex_handlers.c.o)
                0x000040ea                DMAC_Handler
                0x000040ea                HardFault_Handler
                0x000040ea                AC_Handler
                0x000040ea                PendSV_Handler
                0x000040ea                NMI_Handler
                0x000040ea                TC7_Handler
                0x000040ea                SERCOM1_Handler
                0x000040ea                ADC_Handler
                0x000040ea                TCC1_Handler
                0x000040ea                SERCOM2_Handler
                0x000040ea                TCC0_Handler
                0x000040ea                RTC_Handler
                0x000040ea                EIC_Handler
                0x000040ea                TC6_Handler
                0x000040ea                WDT_Handler
                0x000040ea                TC4_Handler
                0x000040ea                TC3_Handler
                0x000040ea                Dummy_Handler
                0x000040ea                PM_Handler
                0x000040ea                SVC_Handler
                0x000040ea                TCC2_Handler
                0x000040ea                EVSYS_Handler
                0x000040ea                SERCOM3_Handler
                0x000040ea                I2S_Handler
                0x000040ea                NVMCTRL_Handler
                0x000040ea                SERCOM0_Handler
                0x000040ea                DAC_Handler
                0x000040ea                PTC_Handler
                0x000040ea                SYSCTRL_Handler
 .text.USB_Handler
                0x000040ec       0x14 C:\Users\caspe\OneDrive\Desktop\Github\p5ArduinoMiddelware\arduino_code\Auto-Detect\board_detection\test\test_compiled/..\..\..\..\..\..\..\..\..\AppData\Local\Temp\arduino\cores\arduino_samd_mkrwifi1010_a79a166d907a7f92b952539eb02bfc72\core.a(cortex_handlers.c.o)
                0x000040ec                USB_Handler
 .text.Reset_Handler
                0x00004100       0x54 C:\Users\caspe\OneDrive\Desktop\Github\p5ArduinoMiddelware\arduino_code\Auto-Detect\board_detection\test\test_compiled/..\..\..\..\..\..\..\..\..\AppData\Local\Temp\arduino\cores\arduino_samd_mkrwifi1010_a79a166d907a7f92b952539eb02bfc72\core.a(cortex_handlers.c.o)
                0x00004100                Reset_Handler
 .text.SysTick_Handler
                0x00004154       0x10 C:\Users\caspe\OneDrive\Desktop\Github\p5ArduinoMiddelware\arduino_code\Auto-Detect\board_detection\test\test_compiled/..\..\..\..\..\..\..\..\..\AppData\Local\Temp\arduino\cores\arduino_samd_mkrwifi1010_a79a166d907a7f92b952539eb02bfc72\core.a(cortex_handlers.c.o)
                0x00004154                SysTick_Handler
 .text.USB_SetHandler
                0x00004164        0xc C:\Users\caspe\OneDrive\Desktop\Github\p5ArduinoMiddelware\arduino_code\Auto-Detect\board_detection\test\test_compiled/..\..\..\..\..\..\..\..\..\AppData\Local\Temp\arduino\cores\arduino_samd_mkrwifi1010_a79a166d907a7f92b952539eb02bfc72\core.a(cortex_handlers.c.o)
                0x00004164                USB_SetHandler
 .text.millis   0x00004170        0xc C:\Users\caspe\OneDrive\Desktop\Github\p5ArduinoMiddelware\arduino_code\Auto-Detect\board_detection\test\test_compiled/..\..\..\..\..\..\..\..\..\AppData\Local\Temp\arduino\cores\arduino_samd_mkrwifi1010_a79a166d907a7f92b952539eb02bfc72\core.a(delay.c.o)
                0x00004170                millis
 .text.micros   0x0000417c       0x60 C:\Users\caspe\OneDrive\Desktop\Github\p5ArduinoMiddelware\arduino_code\Auto-Detect\board_detection\test\test_compiled/..\..\..\..\..\..\..\..\..\AppData\Local\Temp\arduino\cores\arduino_samd_mkrwifi1010_a79a166d907a7f92b952539eb02bfc72\core.a(delay.c.o)
                0x0000417c                micros
 .text.delay    0x000041dc       0x30 C:\Users\caspe\OneDrive\Desktop\Github\p5ArduinoMiddelware\arduino_code\Auto-Detect\board_detection\test\test_compiled/..\..\..\..\..\..\..\..\..\AppData\Local\Temp\arduino\cores\arduino_samd_mkrwifi1010_a79a166d907a7f92b952539eb02bfc72\core.a(delay.c.o)
                0x000041dc                delay
 .text.SysTick_DefaultHandler
                0x0000420c       0x14 C:\Users\caspe\OneDrive\Desktop\Github\p5ArduinoMiddelware\arduino_code\Auto-Detect\board_detection\test\test_compiled/..\..\..\..\..\..\..\..\..\AppData\Local\Temp\arduino\cores\arduino_samd_mkrwifi1010_a79a166d907a7f92b952539eb02bfc72\core.a(delay.c.o)
                0x0000420c                SysTick_DefaultHandler
 .text.__empty  0x00004220        0x2 C:\Users\caspe\OneDrive\Desktop\Github\p5ArduinoMiddelware\arduino_code\Auto-Detect\board_detection\test\test_compiled/..\..\..\..\..\..\..\..\..\AppData\Local\Temp\arduino\cores\arduino_samd_mkrwifi1010_a79a166d907a7f92b952539eb02bfc72\core.a(hooks.c.o)
                0x00004220                yield
 .text.__false  0x00004222        0x4 C:\Users\caspe\OneDrive\Desktop\Github\p5ArduinoMiddelware\arduino_code\Auto-Detect\board_detection\test\test_compiled/..\..\..\..\..\..\..\..\..\AppData\Local\Temp\arduino\cores\arduino_samd_mkrwifi1010_a79a166d907a7f92b952539eb02bfc72\core.a(hooks.c.o)
                0x00004222                sysTickHook
 *fill*         0x00004226        0x2 
 .text.startup.main
                0x00004228       0x40 C:\Users\caspe\OneDrive\Desktop\Github\p5ArduinoMiddelware\arduino_code\Auto-Detect\board_detection\test\test_compiled/..\..\..\..\..\..\..\..\..\AppData\Local\Temp\arduino\cores\arduino_samd_mkrwifi1010_a79a166d907a7f92b952539eb02bfc72\core.a(main.cpp.o)
                0x00004228                main
 .text._Znwj    0x00004268        0x8 C:\Users\caspe\OneDrive\Desktop\Github\p5ArduinoMiddelware\arduino_code\Auto-Detect\board_detection\test\test_compiled/..\..\..\..\..\..\..\..\..\AppData\Local\Temp\arduino\cores\arduino_samd_mkrwifi1010_a79a166d907a7f92b952539eb02bfc72\core.a(new.cpp.o)
                0x00004268                operator new(unsigned int)
 .text._ZdlPv   0x00004270        0x8 C:\Users\caspe\OneDrive\Desktop\Github\p5ArduinoMiddelware\arduino_code\Auto-Detect\board_detection\test\test_compiled/..\..\..\..\..\..\..\..\..\AppData\Local\Temp\arduino\cores\arduino_samd_mkrwifi1010_a79a166d907a7f92b952539eb02bfc72\core.a(new.cpp.o)
                0x00004270                operator delete(void*)
 .text.SystemInit
                0x00004278      0x160 C:\Users\caspe\OneDrive\Desktop\Github\p5ArduinoMiddelware\arduino_code\Auto-Detect\board_detection\test\test_compiled/..\..\..\..\..\..\..\..\..\AppData\Local\Temp\arduino\cores\arduino_samd_mkrwifi1010_a79a166d907a7f92b952539eb02bfc72\core.a(startup.c.o)
                0x00004278                SystemInit
 .text.init     0x000043d8       0xf0 C:\Users\caspe\OneDrive\Desktop\Github\p5ArduinoMiddelware\arduino_code\Auto-Detect\board_detection\test\test_compiled/..\..\..\..\..\..\..\..\..\AppData\Local\Temp\arduino\cores\arduino_samd_mkrwifi1010_a79a166d907a7f92b952539eb02bfc72\core.a(wiring.c.o)
                0x000043d8                init
 .text.mapResolution
                0x000044c8       0x12 C:\Users\caspe\OneDrive\Desktop\Github\p5ArduinoMiddelware\arduino_code\Auto-Detect\board_detection\test\test_compiled/..\..\..\..\..\..\..\..\..\AppData\Local\Temp\arduino\cores\arduino_samd_mkrwifi1010_a79a166d907a7f92b952539eb02bfc72\core.a(wiring_analog.c.o)
 *fill*         0x000044da        0x2 
 .text.analogReference
                0x000044dc       0x64 C:\Users\caspe\OneDrive\Desktop\Github\p5ArduinoMiddelware\arduino_code\Auto-Detect\board_detection\test\test_compiled/..\..\..\..\..\..\..\..\..\AppData\Local\Temp\arduino\cores\arduino_samd_mkrwifi1010_a79a166d907a7f92b952539eb02bfc72\core.a(wiring_analog.c.o)
                0x000044dc                analogReference
 .text.analogRead
                0x00004540       0xdc C:\Users\caspe\OneDrive\Desktop\Github\p5ArduinoMiddelware\arduino_code\Auto-Detect\board_detection\test\test_compiled/..\..\..\..\..\..\..\..\..\AppData\Local\Temp\arduino\cores\arduino_samd_mkrwifi1010_a79a166d907a7f92b952539eb02bfc72\core.a(wiring_analog.c.o)
                0x00004540                analogRead
 .text.pinMode  0x0000461c       0x98 C:\Users\caspe\OneDrive\Desktop\Github\p5ArduinoMiddelware\arduino_code\Auto-Detect\board_detection\test\test_compiled/..\..\..\..\..\..\..\..\..\AppData\Local\Temp\arduino\cores\arduino_samd_mkrwifi1010_a79a166d907a7f92b952539eb02bfc72\core.a(wiring_digital.c.o)
                0x0000461c                pinMode
 .text.digitalWrite
                0x000046b4       0x58 C:\Users\caspe\OneDrive\Desktop\Github\p5ArduinoMiddelware\arduino_code\Auto-Detect\board_detection\test\test_compiled/..\..\..\..\..\..\..\..\..\AppData\Local\Temp\arduino\cores\arduino_samd_mkrwifi1010_a79a166d907a7f92b952539eb02bfc72\core.a(wiring_digital.c.o)
                0x000046b4                digitalWrite
 .text.pinPeripheral
                0x0000470c       0xc0 C:\Users\caspe\OneDrive\Desktop\Github\p5ArduinoMiddelware\arduino_code\Auto-Detect\board_detection\test\test_compiled/..\..\..\..\..\..\..\..\..\AppData\Local\Temp\arduino\cores\arduino_samd_mkrwifi1010_a79a166d907a7f92b952539eb02bfc72\core.a(wiring_private.c.o)
                0x0000470c                pinPeripheral
 .text.initiateReset
                0x000047cc       0x14 C:\Users\caspe\OneDrive\Desktop\Github\p5ArduinoMiddelware\arduino_code\Auto-Detect\board_detection\test\test_compiled/..\..\..\..\..\..\..\..\..\AppData\Local\Temp\arduino\cores\arduino_samd_mkrwifi1010_a79a166d907a7f92b952539eb02bfc72\core.a(Reset.cpp.o)
                0x000047cc                initiateReset
 .text.cancelReset
                0x000047e0       0x10 C:\Users\caspe\OneDrive\Desktop\Github\p5ArduinoMiddelware\arduino_code\Auto-Detect\board_detection\test\test_compiled/..\..\..\..\..\..\..\..\..\AppData\Local\Temp\arduino\cores\arduino_samd_mkrwifi1010_a79a166d907a7f92b952539eb02bfc72\core.a(Reset.cpp.o)
                0x000047e0                cancelReset
 .text.tickReset
                0x000047f0       0x78 C:\Users\caspe\OneDrive\Desktop\Github\p5ArduinoMiddelware\arduino_code\Auto-Detect\board_detection\test\test_compiled/..\..\..\..\..\..\..\..\..\AppData\Local\Temp\arduino\cores\arduino_samd_mkrwifi1010_a79a166d907a7f92b952539eb02bfc72\core.a(Reset.cpp.o)
                0x000047f0                tickReset
 .text          0x00004868       0x14 c:/users/caspe/appdata/local/arduino15/packages/arduino/tools/arm-none-eabi-gcc/7-2017q4/bin/../lib/gcc/arm-none-eabi/7.2.1/thumb/v6-m\libgcc.a(_thumb1_case_uqi.o)
                0x00004868                __gnu_thumb1_case_uqi
 .text          0x0000487c      0x114 c:/users/caspe/appdata/local/arduino15/packages/arduino/tools/arm-none-eabi-gcc/7-2017q4/bin/../lib/gcc/arm-none-eabi/7.2.1/thumb/v6-m\libgcc.a(_udivsi3.o)
                0x0000487c                __aeabi_uidiv
                0x0000487c                __udivsi3
                0x00004988                __aeabi_uidivmod
 .text          0x00004990        0x4 c:/users/caspe/appdata/local/arduino15/packages/arduino/tools/arm-none-eabi-gcc/7-2017q4/bin/../lib/gcc/arm-none-eabi/7.2.1/thumb/v6-m\libgcc.a(_dvmd_tls.o)
                0x00004990                __aeabi_idiv0
                0x00004990                __aeabi_ldiv0
 .text.__libc_init_array
                0x00004994       0x48 c:/users/caspe/appdata/local/arduino15/packages/arduino/tools/arm-none-eabi-gcc/7-2017q4/bin/../lib/gcc/arm-none-eabi/7.2.1/../../../../arm-none-eabi/lib/thumb/v6-m\libc_nano.a(lib_a-init.o)
                0x00004994                __libc_init_array
 .text.malloc   0x000049dc       0x14 c:/users/caspe/appdata/local/arduino15/packages/arduino/tools/arm-none-eabi-gcc/7-2017q4/bin/../lib/gcc/arm-none-eabi/7.2.1/../../../../arm-none-eabi/lib/thumb/v6-m\libc_nano.a(lib_a-malloc.o)
                0x000049dc                malloc
 .text.free     0x000049f0       0x14 c:/users/caspe/appdata/local/arduino15/packages/arduino/tools/arm-none-eabi-gcc/7-2017q4/bin/../lib/gcc/arm-none-eabi/7.2.1/../../../../arm-none-eabi/lib/thumb/v6-m\libc_nano.a(lib_a-malloc.o)
                0x000049f0                free
 .text.memcpy   0x00004a04       0x12 c:/users/caspe/appdata/local/arduino15/packages/arduino/tools/arm-none-eabi-gcc/7-2017q4/bin/../lib/gcc/arm-none-eabi/7.2.1/../../../../arm-none-eabi/lib/thumb/v6-m\libc_nano.a(lib_a-memcpy-stub.o)
                0x00004a04                memcpy
 .text.memset   0x00004a16       0x10 c:/users/caspe/appdata/local/arduino15/packages/arduino/tools/arm-none-eabi-gcc/7-2017q4/bin/../lib/gcc/arm-none-eabi/7.2.1/../../../../arm-none-eabi/lib/thumb/v6-m\libc_nano.a(lib_a-memset.o)
                0x00004a16                memset
 *fill*         0x00004a26        0x2 
 .text._free_r  0x00004a28       0x94 c:/users/caspe/appdata/local/arduino15/packages/arduino/tools/arm-none-eabi-gcc/7-2017q4/bin/../lib/gcc/arm-none-eabi/7.2.1/../../../../arm-none-eabi/lib/thumb/v6-m\libc_nano.a(lib_a-nano-freer.o)
                0x00004a28                _free_r
 .text._malloc_r
                0x00004abc       0xbc c:/users/caspe/appdata/local/arduino15/packages/arduino/tools/arm-none-eabi-gcc/7-2017q4/bin/../lib/gcc/arm-none-eabi/7.2.1/../../../../arm-none-eabi/lib/thumb/v6-m\libc_nano.a(lib_a-nano-mallocr.o)
                0x00004abc                _malloc_r
 .text._sbrk_r  0x00004b78       0x24 c:/users/caspe/appdata/local/arduino15/packages/arduino/tools/arm-none-eabi-gcc/7-2017q4/bin/../lib/gcc/arm-none-eabi/7.2.1/../../../../arm-none-eabi/lib/thumb/v6-m\libc_nano.a(lib_a-sbrkr.o)
                0x00004b78                _sbrk_r
 .text          0x00004b9c        0xe c:/users/caspe/appdata/local/arduino15/packages/arduino/tools/arm-none-eabi-gcc/7-2017q4/bin/../lib/gcc/arm-none-eabi/7.2.1/../../../../arm-none-eabi/lib/thumb/v6-m\libc_nano.a(lib_a-strlen.o)
                0x00004b9c                strlen
 .text.__malloc_lock
                0x00004baa        0x2 c:/users/caspe/appdata/local/arduino15/packages/arduino/tools/arm-none-eabi-gcc/7-2017q4/bin/../lib/gcc/arm-none-eabi/7.2.1/../../../../arm-none-eabi/lib/thumb/v6-m\libc_nano.a(lib_a-mlock.o)
                0x00004baa                __malloc_lock
 .text.__malloc_unlock
                0x00004bac        0x2 c:/users/caspe/appdata/local/arduino15/packages/arduino/tools/arm-none-eabi-gcc/7-2017q4/bin/../lib/gcc/arm-none-eabi/7.2.1/../../../../arm-none-eabi/lib/thumb/v6-m\libc_nano.a(lib_a-mlock.o)
                0x00004bac                __malloc_unlock
 *fill*         0x00004bae        0x2 
 .text._sbrk    0x00004bb0       0x1c c:/users/caspe/appdata/local/arduino15/packages/arduino/tools/arm-none-eabi-gcc/7-2017q4/bin/../lib/gcc/arm-none-eabi/7.2.1/../../../../arm-none-eabi/lib/thumb/v6-m\libnosys.a(sbrk.o)
                0x00004bb0                _sbrk
 *(.init)
 .init          0x00004bcc        0x4 c:/users/caspe/appdata/local/arduino15/packages/arduino/tools/arm-none-eabi-gcc/7-2017q4/bin/../lib/gcc/arm-none-eabi/7.2.1/thumb/v6-m/crti.o
                0x00004bcc                _init
 .init          0x00004bd0        0x8 c:/users/caspe/appdata/local/arduino15/packages/arduino/tools/arm-none-eabi-gcc/7-2017q4/bin/../lib/gcc/arm-none-eabi/7.2.1/thumb/v6-m/crtn.o
 *(.fini)
 .fini          0x00004bd8        0x4 c:/users/caspe/appdata/local/arduino15/packages/arduino/tools/arm-none-eabi-gcc/7-2017q4/bin/../lib/gcc/arm-none-eabi/7.2.1/thumb/v6-m/crti.o
                0x00004bd8                _fini
 .fini          0x00004bdc        0x8 c:/users/caspe/appdata/local/arduino15/packages/arduino/tools/arm-none-eabi-gcc/7-2017q4/bin/../lib/gcc/arm-none-eabi/7.2.1/thumb/v6-m/crtn.o
 *crtbegin.o(.ctors)
 *crtbegin?.o(.ctors)
 *(EXCLUDE_FILE(*crtend.o *crtend?.o) .ctors)
 *(SORT_BY_NAME(.ctors.*))
 *(.ctors)
 *crtbegin.o(.dtors)
 *crtbegin?.o(.dtors)
 *(EXCLUDE_FILE(*crtend.o *crtend?.o) .dtors)
 *(SORT_BY_NAME(.dtors.*))
 *(.dtors)
 *(.rodata*)
 .rodata.g_APinDescription
                0x00004be4      0x360 C:\Users\caspe\OneDrive\Desktop\Github\p5ArduinoMiddelware\arduino_code\Auto-Detect\board_detection\test\test_compiled\core\variant.cpp.o
                0x00004be4                g_APinDescription
 .rodata._ZTV7Serial_
                0x00004f44       0x60 C:\Users\caspe\OneDrive\Desktop\Github\p5ArduinoMiddelware\arduino_code\Auto-Detect\board_detection\test\test_compiled/..\..\..\..\..\..\..\..\..\AppData\Local\Temp\arduino\cores\arduino_samd_mkrwifi1010_a79a166d907a7f92b952539eb02bfc72\core.a(CDC.cpp.o)
                0x00004f44                vtable for Serial_
 .rodata._ZTV26DoubleBufferedEPOutHandler
                0x00004fa4       0x24 C:\Users\caspe\OneDrive\Desktop\Github\p5ArduinoMiddelware\arduino_code\Auto-Detect\board_detection\test\test_compiled/..\..\..\..\..\..\..\..\..\AppData\Local\Temp\arduino\cores\arduino_samd_mkrwifi1010_a79a166d907a7f92b952539eb02bfc72\core.a(USBCore.cpp.o)
                0x00004fa4                vtable for DoubleBufferedEPOutHandler
 .rodata._ZL14STRING_PRODUCT
                0x00004fc8       0x16 C:\Users\caspe\OneDrive\Desktop\Github\p5ArduinoMiddelware\arduino_code\Auto-Detect\board_detection\test\test_compiled/..\..\..\..\..\..\..\..\..\AppData\Local\Temp\arduino\cores\arduino_samd_mkrwifi1010_a79a166d907a7f92b952539eb02bfc72\core.a(USBCore.cpp.o)
 .rodata._ZL15STRING_LANGUAGE
                0x00004fde        0x4 C:\Users\caspe\OneDrive\Desktop\Github\p5ArduinoMiddelware\arduino_code\Auto-Detect\board_detection\test\test_compiled/..\..\..\..\..\..\..\..\..\AppData\Local\Temp\arduino\cores\arduino_samd_mkrwifi1010_a79a166d907a7f92b952539eb02bfc72\core.a(USBCore.cpp.o)
 .rodata._ZL19STRING_MANUFACTURER
                0x00004fe2        0xc C:\Users\caspe\OneDrive\Desktop\Github\p5ArduinoMiddelware\arduino_code\Auto-Detect\board_detection\test\test_compiled/..\..\..\..\..\..\..\..\..\AppData\Local\Temp\arduino\cores\arduino_samd_mkrwifi1010_a79a166d907a7f92b952539eb02bfc72\core.a(USBCore.cpp.o)
 .rodata._ZL21USB_DeviceDescriptorB
                0x00004fee       0x12 C:\Users\caspe\OneDrive\Desktop\Github\p5ArduinoMiddelware\arduino_code\Auto-Detect\board_detection\test\test_compiled/..\..\..\..\..\..\..\..\..\AppData\Local\Temp\arduino\cores\arduino_samd_mkrwifi1010_a79a166d907a7f92b952539eb02bfc72\core.a(USBCore.cpp.o)
 .rodata._ZTV4Uart
                0x00005000       0x34 C:\Users\caspe\OneDrive\Desktop\Github\p5ArduinoMiddelware\arduino_code\Auto-Detect\board_detection\test\test_compiled/..\..\..\..\..\..\..\..\..\AppData\Local\Temp\arduino\cores\arduino_samd_mkrwifi1010_a79a166d907a7f92b952539eb02bfc72\core.a(Uart.cpp.o)
                0x00005000                vtable for Uart
 .rodata._ZN7arduino5Print7printlnEv.str1.1
                0x00005034        0x3 C:\Users\caspe\OneDrive\Desktop\Github\p5ArduinoMiddelware\arduino_code\Auto-Detect\board_detection\test\test_compiled/..\..\..\..\..\..\..\..\..\AppData\Local\Temp\arduino\cores\arduino_samd_mkrwifi1010_a79a166d907a7f92b952539eb02bfc72\core.a(Print.cpp.o)
 *(.eh_frame*)
 *fill*         0x00005037        0x1 
 .eh_frame      0x00005038        0x0 c:/users/caspe/appdata/local/arduino15/packages/arduino/tools/arm-none-eabi-gcc/7-2017q4/bin/../lib/gcc/arm-none-eabi/7.2.1/thumb/v6-m/crtbegin.o
 .eh_frame      0x00005038        0x4 c:/users/caspe/appdata/local/arduino15/packages/arduino/tools/arm-none-eabi-gcc/7-2017q4/bin/../lib/gcc/arm-none-eabi/7.2.1/thumb/v6-m/crtend.o

.glue_7         0x0000503c        0x0
 .glue_7        0x0000503c        0x0 linker stubs

.glue_7t        0x0000503c        0x0
 .glue_7t       0x0000503c        0x0 linker stubs

.vfp11_veneer   0x0000503c        0x0
 .vfp11_veneer  0x0000503c        0x0 linker stubs

.v4_bx          0x0000503c        0x0
 .v4_bx         0x0000503c        0x0 linker stubs

.iplt           0x0000503c        0x0
 .iplt          0x0000503c        0x0 c:/users/caspe/appdata/local/arduino15/packages/arduino/tools/arm-none-eabi-gcc/7-2017q4/bin/../lib/gcc/arm-none-eabi/7.2.1/thumb/v6-m/crtbegin.o

.rel.dyn        0x0000503c        0x0
 .rel.iplt      0x0000503c        0x0 c:/users/caspe/appdata/local/arduino15/packages/arduino/tools/arm-none-eabi-gcc/7-2017q4/bin/../lib/gcc/arm-none-eabi/7.2.1/thumb/v6-m/crtbegin.o

.ARM.extab
 *(.ARM.extab* .gnu.linkonce.armextab.*)
                0x0000503c                __exidx_start = .

.ARM.exidx
 *(.ARM.exidx* .gnu.linkonce.armexidx.*)
                0x0000503c                __exidx_end = .
                0x0000503c                __etext = .

.data           0x20000000       0xa0 load address 0x0000503c
                0x20000000                __data_start__ = .
 *(vtable)
 *(.data*)
 .data._ZL10breakValue
                0x20000000        0x4 C:\Users\caspe\OneDrive\Desktop\Github\p5ArduinoMiddelware\arduino_code\Auto-Detect\board_detection\test\test_compiled/..\..\..\..\..\..\..\..\..\AppData\Local\Temp\arduino\cores\arduino_samd_mkrwifi1010_a79a166d907a7f92b952539eb02bfc72\core.a(CDC.cpp.o)
 .data._ZL12_usbLineInfo
                0x20000004        0x8 C:\Users\caspe\OneDrive\Desktop\Github\p5ArduinoMiddelware\arduino_code\Auto-Detect\board_detection\test\test_compiled/..\..\..\..\..\..\..\..\..\AppData\Local\Temp\arduino\cores\arduino_samd_mkrwifi1010_a79a166d907a7f92b952539eb02bfc72\core.a(CDC.cpp.o)
 .data._serialPeek
                0x2000000c        0x4 C:\Users\caspe\OneDrive\Desktop\Github\p5ArduinoMiddelware\arduino_code\Auto-Detect\board_detection\test\test_compiled/..\..\..\..\..\..\..\..\..\AppData\Local\Temp\arduino\cores\arduino_samd_mkrwifi1010_a79a166d907a7f92b952539eb02bfc72\core.a(CDC.cpp.o)
                0x2000000c                _serialPeek
 .data.SystemCoreClock
                0x20000010        0x4 C:\Users\caspe\OneDrive\Desktop\Github\p5ArduinoMiddelware\arduino_code\Auto-Detect\board_detection\test\test_compiled/..\..\..\..\..\..\..\..\..\AppData\Local\Temp\arduino\cores\arduino_samd_mkrwifi1010_a79a166d907a7f92b952539eb02bfc72\core.a(wiring.c.o)
                0x20000010                SystemCoreClock
 .data._ADCResolution
                0x20000014        0x4 C:\Users\caspe\OneDrive\Desktop\Github\p5ArduinoMiddelware\arduino_code\Auto-Detect\board_detection\test\test_compiled/..\..\..\..\..\..\..\..\..\AppData\Local\Temp\arduino\cores\arduino_samd_mkrwifi1010_a79a166d907a7f92b952539eb02bfc72\core.a(wiring_analog.c.o)
 .data._readResolution
                0x20000018        0x4 C:\Users\caspe\OneDrive\Desktop\Github\p5ArduinoMiddelware\arduino_code\Auto-Detect\board_detection\test\test_compiled/..\..\..\..\..\..\..\..\..\AppData\Local\Temp\arduino\cores\arduino_samd_mkrwifi1010_a79a166d907a7f92b952539eb02bfc72\core.a(wiring_analog.c.o)
 .data._ZL5ticks
                0x2000001c        0x4 C:\Users\caspe\OneDrive\Desktop\Github\p5ArduinoMiddelware\arduino_code\Auto-Detect\board_detection\test\test_compiled/..\..\..\..\..\..\..\..\..\AppData\Local\Temp\arduino\cores\arduino_samd_mkrwifi1010_a79a166d907a7f92b952539eb02bfc72\core.a(Reset.cpp.o)
 .data._impure_ptr
                0x20000020        0x4 c:/users/caspe/appdata/local/arduino15/packages/arduino/tools/arm-none-eabi-gcc/7-2017q4/bin/../lib/gcc/arm-none-eabi/7.2.1/../../../../arm-none-eabi/lib/thumb/v6-m\libc_nano.a(lib_a-impure.o)
                0x20000020                _impure_ptr
 .data.impure_data
                0x20000024       0x60 c:/users/caspe/appdata/local/arduino15/packages/arduino/tools/arm-none-eabi-gcc/7-2017q4/bin/../lib/gcc/arm-none-eabi/7.2.1/../../../../arm-none-eabi/lib/thumb/v6-m\libc_nano.a(lib_a-impure.o)
                0x20000084                . = ALIGN (0x4)
                0x20000084                PROVIDE (__preinit_array_start, .)
 *(.preinit_array)
                0x20000084                PROVIDE (__preinit_array_end, .)
                0x20000084                . = ALIGN (0x4)
                0x20000084                PROVIDE (__init_array_start, .)
 *(SORT_BY_NAME(.init_array.*))
 *(.init_array)
 .init_array    0x20000084        0x4 c:/users/caspe/appdata/local/arduino15/packages/arduino/tools/arm-none-eabi-gcc/7-2017q4/bin/../lib/gcc/arm-none-eabi/7.2.1/thumb/v6-m/crtbegin.o
 .init_array    0x20000088        0x4 C:\Users\caspe\OneDrive\Desktop\Github\p5ArduinoMiddelware\arduino_code\Auto-Detect\board_detection\test\test_compiled\core\variant.cpp.o
 .init_array    0x2000008c        0x4 C:\Users\caspe\OneDrive\Desktop\Github\p5ArduinoMiddelware\arduino_code\Auto-Detect\board_detection\test\test_compiled/..\..\..\..\..\..\..\..\..\AppData\Local\Temp\arduino\cores\arduino_samd_mkrwifi1010_a79a166d907a7f92b952539eb02bfc72\core.a(CDC.cpp.o)
 .init_array    0x20000090        0x4 C:\Users\caspe\OneDrive\Desktop\Github\p5ArduinoMiddelware\arduino_code\Auto-Detect\board_detection\test\test_compiled/..\..\..\..\..\..\..\..\..\AppData\Local\Temp\arduino\cores\arduino_samd_mkrwifi1010_a79a166d907a7f92b952539eb02bfc72\core.a(USBCore.cpp.o)
                0x20000094                PROVIDE (__init_array_end, .)
                0x20000094                . = ALIGN (0x4)
                [!provide]                PROVIDE (__fini_array_start, .)
 *(SORT_BY_NAME(.fini_array.*))
 *(.fini_array)
 .fini_array    0x20000094        0x4 c:/users/caspe/appdata/local/arduino15/packages/arduino/tools/arm-none-eabi-gcc/7-2017q4/bin/../lib/gcc/arm-none-eabi/7.2.1/thumb/v6-m/crtbegin.o
                [!provide]                PROVIDE (__fini_array_end, .)
 *(.jcr*)
                0x200000a0                . = ALIGN (0x10)
 *fill*         0x20000098        0x8 
                0x200000a0                __data_end__ = .

.igot.plt       0x200000a0        0x0 load address 0x000050dc
 .igot.plt      0x200000a0        0x0 c:/users/caspe/appdata/local/arduino15/packages/arduino/tools/arm-none-eabi-gcc/7-2017q4/bin/../lib/gcc/arm-none-eabi/7.2.1/thumb/v6-m/crtbegin.o

.bss            0x200000a0      0xb14 load address 0x000050dc
                0x200000a0                . = ALIGN (0x4)
                0x200000a0                __bss_start__ = .
 *(.bss*)
 .bss           0x200000a0       0x1c c:/users/caspe/appdata/local/arduino15/packages/arduino/tools/arm-none-eabi-gcc/7-2017q4/bin/../lib/gcc/arm-none-eabi/7.2.1/thumb/v6-m/crtbegin.o
 .bss.Serial1   0x200000bc      0x244 C:\Users\caspe\OneDrive\Desktop\Github\p5ArduinoMiddelware\arduino_code\Auto-Detect\board_detection\test\test_compiled\core\variant.cpp.o
                0x200000bc                Serial1
 .bss.Serial2   0x20000300      0x244 C:\Users\caspe\OneDrive\Desktop\Github\p5ArduinoMiddelware\arduino_code\Auto-Detect\board_detection\test\test_compiled\core\variant.cpp.o
                0x20000300                Serial2
 .bss.sercom0   0x20000544        0x8 C:\Users\caspe\OneDrive\Desktop\Github\p5ArduinoMiddelware\arduino_code\Auto-Detect\board_detection\test\test_compiled\core\variant.cpp.o
                0x20000544                sercom0
 .bss.sercom1   0x2000054c        0x8 C:\Users\caspe\OneDrive\Desktop\Github\p5ArduinoMiddelware\arduino_code\Auto-Detect\board_detection\test\test_compiled\core\variant.cpp.o
                0x2000054c                sercom1
 .bss.sercom2   0x20000554        0x8 C:\Users\caspe\OneDrive\Desktop\Github\p5ArduinoMiddelware\arduino_code\Auto-Detect\board_detection\test\test_compiled\core\variant.cpp.o
                0x20000554                sercom2
 .bss.sercom3   0x2000055c        0x8 C:\Users\caspe\OneDrive\Desktop\Github\p5ArduinoMiddelware\arduino_code\Auto-Detect\board_detection\test\test_compiled\core\variant.cpp.o
                0x2000055c                sercom3
 .bss.sercom4   0x20000564        0x8 C:\Users\caspe\OneDrive\Desktop\Github\p5ArduinoMiddelware\arduino_code\Auto-Detect\board_detection\test\test_compiled\core\variant.cpp.o
                0x20000564                sercom4
 .bss.sercom5   0x2000056c        0x8 C:\Users\caspe\OneDrive\Desktop\Github\p5ArduinoMiddelware\arduino_code\Auto-Detect\board_detection\test\test_compiled\core\variant.cpp.o
                0x2000056c                sercom5
 .bss.SerialUSB
                0x20000574       0x34 C:\Users\caspe\OneDrive\Desktop\Github\p5ArduinoMiddelware\arduino_code\Auto-Detect\board_detection\test\test_compiled/..\..\..\..\..\..\..\..\..\AppData\Local\Temp\arduino\cores\arduino_samd_mkrwifi1010_a79a166d907a7f92b952539eb02bfc72\core.a(CDC.cpp.o)
                0x20000574                SerialUSB
 .bss.EndPoints
                0x200005a8       0x28 C:\Users\caspe\OneDrive\Desktop\Github\p5ArduinoMiddelware\arduino_code\Auto-Detect\board_detection\test\test_compiled/..\..\..\..\..\..\..\..\..\AppData\Local\Temp\arduino\cores\arduino_samd_mkrwifi1010_a79a166d907a7f92b952539eb02bfc72\core.a(USBCore.cpp.o)
                0x200005a8                EndPoints
 .bss.USBDevice
                0x200005d0        0x1 C:\Users\caspe\OneDrive\Desktop\Github\p5ArduinoMiddelware\arduino_code\Auto-Detect\board_detection\test\test_compiled/..\..\..\..\..\..\..\..\..\AppData\Local\Temp\arduino\cores\arduino_samd_mkrwifi1010_a79a166d907a7f92b952539eb02bfc72\core.a(USBCore.cpp.o)
                0x200005d0                USBDevice
 *fill*         0x200005d1        0x3 
 .bss._ZL10epHandlers
                0x200005d4       0x1c C:\Users\caspe\OneDrive\Desktop\Github\p5ArduinoMiddelware\arduino_code\Auto-Detect\board_detection\test\test_compiled/..\..\..\..\..\..\..\..\..\AppData\Local\Temp\arduino\cores\arduino_samd_mkrwifi1010_a79a166d907a7f92b952539eb02bfc72\core.a(USBCore.cpp.o)
 .bss._ZL14isEndpointHalt
                0x200005f0        0x1 C:\Users\caspe\OneDrive\Desktop\Github\p5ArduinoMiddelware\arduino_code\Auto-Detect\board_detection\test\test_compiled/..\..\..\..\..\..\..\..\..\AppData\Local\Temp\arduino\cores\arduino_samd_mkrwifi1010_a79a166d907a7f92b952539eb02bfc72\core.a(USBCore.cpp.o)
 .bss._ZL20LastTransmitTimedOut
                0x200005f1        0x7 C:\Users\caspe\OneDrive\Desktop\Github\p5ArduinoMiddelware\arduino_code\Auto-Detect\board_detection\test\test_compiled/..\..\..\..\..\..\..\..\..\AppData\Local\Temp\arduino\cores\arduino_samd_mkrwifi1010_a79a166d907a7f92b952539eb02bfc72\core.a(USBCore.cpp.o)
 .bss._ZL21isRemoteWakeUpEnabled
                0x200005f8        0x1 C:\Users\caspe\OneDrive\Desktop\Github\p5ArduinoMiddelware\arduino_code\Auto-Detect\board_detection\test\test_compiled/..\..\..\..\..\..\..\..\..\AppData\Local\Temp\arduino\cores\arduino_samd_mkrwifi1010_a79a166d907a7f92b952539eb02bfc72\core.a(USBCore.cpp.o)
 *fill*         0x200005f9        0x3 
 .bss._ZL22udd_ep_in_cache_buffer
                0x200005fc      0x1c0 C:\Users\caspe\OneDrive\Desktop\Github\p5ArduinoMiddelware\arduino_code\Auto-Detect\board_detection\test\test_compiled/..\..\..\..\..\..\..\..\..\AppData\Local\Temp\arduino\cores\arduino_samd_mkrwifi1010_a79a166d907a7f92b952539eb02bfc72\core.a(USBCore.cpp.o)
 .bss._ZL23udd_ep_out_cache_buffer
                0x200007bc      0x1c0 C:\Users\caspe\OneDrive\Desktop\Github\p5ArduinoMiddelware\arduino_code\Auto-Detect\board_detection\test\test_compiled/..\..\..\..\..\..\..\..\..\AppData\Local\Temp\arduino\cores\arduino_samd_mkrwifi1010_a79a166d907a7f92b952539eb02bfc72\core.a(USBCore.cpp.o)
 .bss._dry_run  0x2000097c        0x1 C:\Users\caspe\OneDrive\Desktop\Github\p5ArduinoMiddelware\arduino_code\Auto-Detect\board_detection\test\test_compiled/..\..\..\..\..\..\..\..\..\AppData\Local\Temp\arduino\cores\arduino_samd_mkrwifi1010_a79a166d907a7f92b952539eb02bfc72\core.a(USBCore.cpp.o)
                0x2000097c                _dry_run
 .bss._pack_buffer
                0x2000097d      0x100 C:\Users\caspe\OneDrive\Desktop\Github\p5ArduinoMiddelware\arduino_code\Auto-Detect\board_detection\test\test_compiled/..\..\..\..\..\..\..\..\..\AppData\Local\Temp\arduino\cores\arduino_samd_mkrwifi1010_a79a166d907a7f92b952539eb02bfc72\core.a(USBCore.cpp.o)
                0x2000097d                _pack_buffer
 .bss._pack_message
                0x20000a7d        0x1 C:\Users\caspe\OneDrive\Desktop\Github\p5ArduinoMiddelware\arduino_code\Auto-Detect\board_detection\test\test_compiled/..\..\..\..\..\..\..\..\..\AppData\Local\Temp\arduino\cores\arduino_samd_mkrwifi1010_a79a166d907a7f92b952539eb02bfc72\core.a(USBCore.cpp.o)
                0x20000a7d                _pack_message
 .bss._pack_size
                0x20000a7e        0x2 C:\Users\caspe\OneDrive\Desktop\Github\p5ArduinoMiddelware\arduino_code\Auto-Detect\board_detection\test\test_compiled/..\..\..\..\..\..\..\..\..\AppData\Local\Temp\arduino\cores\arduino_samd_mkrwifi1010_a79a166d907a7f92b952539eb02bfc72\core.a(USBCore.cpp.o)
                0x20000a7e                _pack_size
 .bss._usbConfiguration
                0x20000a80        0x4 C:\Users\caspe\OneDrive\Desktop\Github\p5ArduinoMiddelware\arduino_code\Auto-Detect\board_detection\test\test_compiled/..\..\..\..\..\..\..\..\..\AppData\Local\Temp\arduino\cores\arduino_samd_mkrwifi1010_a79a166d907a7f92b952539eb02bfc72\core.a(USBCore.cpp.o)
                0x20000a80                _usbConfiguration
 .bss._usbSetInterface
                0x20000a84        0x4 C:\Users\caspe\OneDrive\Desktop\Github\p5ArduinoMiddelware\arduino_code\Auto-Detect\board_detection\test\test_compiled/..\..\..\..\..\..\..\..\..\AppData\Local\Temp\arduino\cores\arduino_samd_mkrwifi1010_a79a166d907a7f92b952539eb02bfc72\core.a(USBCore.cpp.o)
                0x20000a84                _usbSetInterface
 .bss.usbd      0x20000a88      0x104 C:\Users\caspe\OneDrive\Desktop\Github\p5ArduinoMiddelware\arduino_code\Auto-Detect\board_detection\test\test_compiled/..\..\..\..\..\..\..\..\..\AppData\Local\Temp\arduino\cores\arduino_samd_mkrwifi1010_a79a166d907a7f92b952539eb02bfc72\core.a(USBCore.cpp.o)
                0x20000a88                usbd
 .bss._ZGVZ12PluggableUSBvE3obj
                0x20000b8c        0x4 C:\Users\caspe\OneDrive\Desktop\Github\p5ArduinoMiddelware\arduino_code\Auto-Detect\board_detection\test\test_compiled/..\..\..\..\..\..\..\..\..\AppData\Local\Temp\arduino\cores\arduino_samd_mkrwifi1010_a79a166d907a7f92b952539eb02bfc72\core.a(PluggableUSB.cpp.o)
 .bss._ZZ12PluggableUSBvE3obj
                0x20000b90        0xc C:\Users\caspe\OneDrive\Desktop\Github\p5ArduinoMiddelware\arduino_code\Auto-Detect\board_detection\test\test_compiled/..\..\..\..\..\..\..\..\..\AppData\Local\Temp\arduino\cores\arduino_samd_mkrwifi1010_a79a166d907a7f92b952539eb02bfc72\core.a(PluggableUSB.cpp.o)
 .bss.usb_isr   0x20000b9c        0x4 C:\Users\caspe\OneDrive\Desktop\Github\p5ArduinoMiddelware\arduino_code\Auto-Detect\board_detection\test\test_compiled/..\..\..\..\..\..\..\..\..\AppData\Local\Temp\arduino\cores\arduino_samd_mkrwifi1010_a79a166d907a7f92b952539eb02bfc72\core.a(cortex_handlers.c.o)
 .bss._ulTickCount
                0x20000ba0        0x4 C:\Users\caspe\OneDrive\Desktop\Github\p5ArduinoMiddelware\arduino_code\Auto-Detect\board_detection\test\test_compiled/..\..\..\..\..\..\..\..\..\AppData\Local\Temp\arduino\cores\arduino_samd_mkrwifi1010_a79a166d907a7f92b952539eb02bfc72\core.a(delay.c.o)
 .bss.__malloc_free_list
                0x20000ba4        0x4 c:/users/caspe/appdata/local/arduino15/packages/arduino/tools/arm-none-eabi-gcc/7-2017q4/bin/../lib/gcc/arm-none-eabi/7.2.1/../../../../arm-none-eabi/lib/thumb/v6-m\libc_nano.a(lib_a-nano-mallocr.o)
                0x20000ba4                __malloc_free_list
 .bss.__malloc_sbrk_start
                0x20000ba8        0x4 c:/users/caspe/appdata/local/arduino15/packages/arduino/tools/arm-none-eabi-gcc/7-2017q4/bin/../lib/gcc/arm-none-eabi/7.2.1/../../../../arm-none-eabi/lib/thumb/v6-m\libc_nano.a(lib_a-nano-mallocr.o)
                0x20000ba8                __malloc_sbrk_start
 .bss.heap_end.4102
                0x20000bac        0x4 c:/users/caspe/appdata/local/arduino15/packages/arduino/tools/arm-none-eabi-gcc/7-2017q4/bin/../lib/gcc/arm-none-eabi/7.2.1/../../../../arm-none-eabi/lib/thumb/v6-m\libnosys.a(sbrk.o)
 *(COMMON)
 COMMON         0x20000bb0        0x4 c:/users/caspe/appdata/local/arduino15/packages/arduino/tools/arm-none-eabi-gcc/7-2017q4/bin/../lib/gcc/arm-none-eabi/7.2.1/../../../../arm-none-eabi/lib/thumb/v6-m\libc_nano.a(lib_a-reent.o)
                0x20000bb0                errno